#
# There is insufficient memory for the Java Runtime Environment to continue.
# Native memory allocation (malloc) failed to allocate 1406104 bytes. Error detail: Chunk::new
# Possible reasons:
#   The system is out of physical RAM or swap space
#   This process is running with CompressedOops enabled, and the Java Heap may be blocking the growth of the native heap
# Possible solutions:
#   Reduce memory load on the system
#   Increase physical memory or swap space
#   Check if swap backing store is full
#   Decrease Java heap size (-Xmx/-Xms)
#   Decrease number of Java threads
#   Decrease Java thread stack sizes (-Xss)
#   Set larger code cache with -XX:ReservedCodeCacheSize=
#   JVM is running with Zero Based Compressed Oops mode in which the Java heap is
#     placed in the first 32GB address space. The Java Heap base address is the
#     maximum limit for the native heap growth. Please use -XX:HeapBaseMinAddress
#     to set the Java Heap base and to place the Java Heap above 32GB virtual address.
# This output file may be truncated or incomplete.
#
#  Out of Memory Error (arena.cpp:186), pid=162672, tid=157152
#
# JRE version: Java(TM) SE Runtime Environment (25.0+37) (build 25+37-LTS-3491)
# Java VM: Java HotSpot(TM) 64-Bit Server VM (25+37-LTS-3491, mixed mode, sharing, tiered, compressed oops, compressed class ptrs, g1 gc, windows-amd64)
# No core dump will be written. Minidumps are not enabled by default on client versions of Windows
#

---------------  S U M M A R Y ------------

Command Line: -Dclassworlds.conf=C:\Program Files\IntelliJ IDEA Community Edition 2025.2.2\plugins\maven\lib\maven3\bin\m2.conf -Dmaven.home=C:\Program Files\IntelliJ IDEA Community Edition 2025.2.2\plugins\maven\lib\maven3 -Dlibrary.jansi.path=C:\Program Files\IntelliJ IDEA Community Edition 2025.2.2\plugins\maven\lib\maven3\lib\jansi-native -Dmaven.multiModuleProjectDirectory=E:\диплом\app\armSimulator org.codehaus.plexus.classworlds.launcher.Launcher -Didea.version=2025.2.2 -Dmaven.ext.class.path=C:\Program Files\IntelliJ IDEA Community Edition 2025.2.2\plugins\maven\lib\maven-event-listener.jar -Djansi.passthrough=true -Dstyle.color=always -Dmaven.repo.local=C:\Users\markr\.m2\repository clean javafx:run

Host: AMD Ryzen 5 6600H with Radeon Graphics         , 12 cores, 15G,  Windows 11 , 64 bit Build 26100 (10.0.26100.8328)
Time: Fri May 29 12:28:58 2026 elapsed time: 7.760323 seconds (0d 0h 0m 7s)

---------------  T H R E A D  ---------------

Current thread (0x0000012565bdd8a0):  JavaThread "C2 CompilerThread0" daemon [_thread_in_native, id=157152, stack(0x000000190c200000,0x000000190c300000) (1024K)]


Current CompileTask:
C2:7760  877       4       java.lang.StringLatin1::replace (197 bytes)

Stack: [0x000000190c200000,0x000000190c300000]
Native frames: (J=compiled Java code, j=interpreted, Vv=VM code, C=native code)
V  [jvm.dll+0x7a6a39]  (no source info available)
V  [jvm.dll+0x7727ed]  (no source info available)
V  [jvm.dll+0x965f33]  (no source info available)
V  [jvm.dll+0x968531]  (no source info available)
V  [jvm.dll+0x968c33]  (no source info available)
V  [jvm.dll+0x2fc756]  (no source info available)
V  [jvm.dll+0x111b26]  (no source info available)
V  [jvm.dll+0x111e4e]  (no source info available)
V  [jvm.dll+0x1a0a22]  (no source info available)
V  [jvm.dll+0x3b53c2]  (no source info available)
V  [jvm.dll+0x7ac3cf]  (no source info available)
V  [jvm.dll+0x2c0ac7]  (no source info available)
V  [jvm.dll+0x2bfa8f]  (no source info available)
V  [jvm.dll+0x237b60]  (no source info available)
V  [jvm.dll+0x2cfb56]  (no source info available)
V  [jvm.dll+0x2cddd5]  (no source info available)
V  [jvm.dll+0x48e671]  (no source info available)
V  [jvm.dll+0x90681d]  (no source info available)
V  [jvm.dll+0x7a5015]  (no source info available)
C  [ucrtbase.dll+0x37b0]  (no source info available)
C  [KERNEL32.DLL+0x2e957]  (no source info available)
C  [ntdll.dll+0x427c]  (no source info available)

Lock stack of current Java thread (top to bottom):


---------------  P R O C E S S  ---------------

Threads class SMR info:
_java_thread_list=0x000001256a449410, length=12, elements={
0x0000012544214990, 0x0000012565bb8d50, 0x0000012565bb97b0, 0x0000012565bbc630,
0x0000012565bbe350, 0x0000012565bc2730, 0x0000012565bcb560, 0x0000012565bdd8a0,
0x0000012565bf5040, 0x0000012565b93f20, 0x0000012565c3e060, 0x000001256a643560
}

Java Threads: ( => current thread )
  0x0000012544214990 JavaThread "main"                              [_thread_in_native, id=163364, stack(0x000000190b400000,0x000000190b500000) (1024K)]
  0x0000012565bb8d50 JavaThread "Reference Handler"          daemon [_thread_blocked, id=161228, stack(0x000000190bc00000,0x000000190bd00000) (1024K)]
  0x0000012565bb97b0 JavaThread "Finalizer"                  daemon [_thread_blocked, id=156480, stack(0x000000190bd00000,0x000000190be00000) (1024K)]
  0x0000012565bbc630 JavaThread "Signal Dispatcher"          daemon [_thread_blocked, id=165508, stack(0x000000190be00000,0x000000190bf00000) (1024K)]
  0x0000012565bbe350 JavaThread "Attach Listener"            daemon [_thread_blocked, id=121548, stack(0x000000190bf00000,0x000000190c000000) (1024K)]
  0x0000012565bc2730 JavaThread "Service Thread"             daemon [_thread_blocked, id=162160, stack(0x000000190c000000,0x000000190c100000) (1024K)]
  0x0000012565bcb560 JavaThread "Monitor Deflation Thread"   daemon [_thread_blocked, id=153996, stack(0x000000190c100000,0x000000190c200000) (1024K)]
=>0x0000012565bdd8a0 JavaThread "C2 CompilerThread0"         daemon [_thread_in_native, id=157152, stack(0x000000190c200000,0x000000190c300000) (1024K)]
  0x0000012565bf5040 JavaThread "C1 CompilerThread0"         daemon [_thread_blocked, id=163768, stack(0x000000190c300000,0x000000190c400000) (1024K)]
  0x0000012565b93f20 JavaThread "Notification Thread"        daemon [_thread_blocked, id=153856, stack(0x000000190c400000,0x000000190c500000) (1024K)]
  0x0000012565c3e060 JavaThread "Common-Cleaner"             daemon [_thread_blocked, id=162084, stack(0x000000190c500000,0x000000190c600000) (1024K)]
  0x000001256a643560 JavaThread "C2 CompilerThread1"         daemon [_thread_in_native, id=165812, stack(0x000000190c600000,0x000000190c700000) (1024K)]
Total: 12

Other Threads:
  0x0000012565ba1ea0 VMThread "VM Thread"                           [id=138268, stack(0x000000190bb00000,0x000000190bc00000) (1024K)]
  0x0000012565b91810 WatcherThread "VM Periodic Task Thread"        [id=155980, stack(0x000000190ba00000,0x000000190bb00000) (1024K)]
  0x00000125466a8940 WorkerThread "GC Thread#0"                     [id=155740, stack(0x000000190b500000,0x000000190b600000) (1024K)]
  0x00000125466c1ca0 ConcurrentGCThread "G1 Main Marker"            [id=163436, stack(0x000000190b600000,0x000000190b700000) (1024K)]
  0x00000125466c2640 WorkerThread "G1 Conc#0"                       [id=146160, stack(0x000000190b700000,0x000000190b800000) (1024K)]
  0x0000012565a5fd90 ConcurrentGCThread "G1 Refine#0"               [id=155928, stack(0x000000190b800000,0x000000190b900000) (1024K)]
  0x0000012565a607a0 ConcurrentGCThread "G1 Service"                [id=154088, stack(0x000000190b900000,0x000000190ba00000) (1024K)]
Total: 7

Threads with active compile tasks:
C2 CompilerThread0  8846  877       4       java.lang.StringLatin1::replace (197 bytes)
C2 CompilerThread1  8846  880  s!   4       jdk.internal.loader.URLClassPath::getLoader (202 bytes)
Total: 2

VM state: not at safepoint (normal execution)

VM Mutex/Monitor currently owned by a thread: None

Heap address: 0x000000070b000000, size: 3920 MB, Compressed Oops mode: Zero based, Oop shift amount: 3

CDS archive(s) mapped at: [0x0000000096000000-0x0000000096dd0000-0x0000000096dd0000), size 14483456, SharedBaseAddress: 0x0000000096000000, ArchiveRelocationMode: 1.
Compressed class space mapped at: 0x0000000097000000-0x00000000d7000000, reserved size: 1073741824
UseCompressedClassPointers 1, UseCompactObjectHeaders 0
Narrow klass pointer bits 32, Max shift 3
Narrow klass base: 0x0000000096000000, Narrow klass shift: 0
Encoding Range: [0x0000000096000000 - 0x0000000196000000), (4294967296 bytes)
Klass Range:    [0x0000000096010000 - 0x00000000d7000000), (1090453504 bytes)
Klass ID Range:  [65536 - 1090519033) (1090453497)
Protection zone: [0x0000000096000000 - 0x0000000096010000), (65536 bytes)

GC Precious Log:
 CardTable entry size: 512
 Card Set container configuration: InlinePtr #cards 4 size 8 Array Of Cards #cards 16 size 48 Howl #buckets 8 coarsen threshold 3686 Howl Bitmap #cards 512 size 80 coarsen threshold 460 Card regions per heap region 1 cards per card region 4096
 CPUs: 12 total, 12 available
 Memory: 15676M
 Large Page Support: Disabled
 NUMA Support: Disabled
 Compressed Oops: Enabled (Zero based)
 Heap Region Size: 2M
 Heap Min Capacity: 8M
 Heap Initial Capacity: 246M
 Heap Max Capacity: 3920M
 Pre-touch: Disabled
 Parallel Workers: 10
 Concurrent Workers: 3
 Concurrent Refinement Workers: 10
 Periodic GC: Disabled

Heap:
 garbage-first heap   total reserved 4014080K, committed 253952K, used 13461K [0x000000070b000000, 0x0000000800000000)
  region size 2048K, 7 young (14336K), 0 survivors (0K)

Heap Regions: E=young(eden), S=young(survivor), O=old, HS=humongous(starts), HC=humongous(continues), CS=collection set, F=free, TAMS=top-at-mark-start, PB=parsable bottom
|   0|0x000000070b000000, 0x000000070b000000, 0x000000070b200000|  0%| F|  |TAMS 0x000000070b000000| PB 0x000000070b000000| Untracked |  0
|   1|0x000000070b200000, 0x000000070b200000, 0x000000070b400000|  0%| F|  |TAMS 0x000000070b200000| PB 0x000000070b200000| Untracked |  0
|   2|0x000000070b400000, 0x000000070b400000, 0x000000070b600000|  0%| F|  |TAMS 0x000000070b400000| PB 0x000000070b400000| Untracked |  0
|   3|0x000000070b600000, 0x000000070b600000, 0x000000070b800000|  0%| F|  |TAMS 0x000000070b600000| PB 0x000000070b600000| Untracked |  0
|   4|0x000000070b800000, 0x000000070b800000, 0x000000070ba00000|  0%| F|  |TAMS 0x000000070b800000| PB 0x000000070b800000| Untracked |  0
|   5|0x000000070ba00000, 0x000000070ba00000, 0x000000070bc00000|  0%| F|  |TAMS 0x000000070ba00000| PB 0x000000070ba00000| Untracked |  0
|   6|0x000000070bc00000, 0x000000070bc00000, 0x000000070be00000|  0%| F|  |TAMS 0x000000070bc00000| PB 0x000000070bc00000| Untracked |  0
|   7|0x000000070be00000, 0x000000070be00000, 0x000000070c000000|  0%| F|  |TAMS 0x000000070be00000| PB 0x000000070be00000| Untracked |  0
|   8|0x000000070c000000, 0x000000070c000000, 0x000000070c200000|  0%| F|  |TAMS 0x000000070c000000| PB 0x000000070c000000| Untracked |  0
|   9|0x000000070c200000, 0x000000070c200000, 0x000000070c400000|  0%| F|  |TAMS 0x000000070c200000| PB 0x000000070c200000| Untracked |  0
|  10|0x000000070c400000, 0x000000070c400000, 0x000000070c600000|  0%| F|  |TAMS 0x000000070c400000| PB 0x000000070c400000| Untracked |  0
|  11|0x000000070c600000, 0x000000070c600000, 0x000000070c800000|  0%| F|  |TAMS 0x000000070c600000| PB 0x000000070c600000| Untracked |  0
|  12|0x000000070c800000, 0x000000070c800000, 0x000000070ca00000|  0%| F|  |TAMS 0x000000070c800000| PB 0x000000070c800000| Untracked |  0
|  13|0x000000070ca00000, 0x000000070ca00000, 0x000000070cc00000|  0%| F|  |TAMS 0x000000070ca00000| PB 0x000000070ca00000| Untracked |  0
|  14|0x000000070cc00000, 0x000000070cc00000, 0x000000070ce00000|  0%| F|  |TAMS 0x000000070cc00000| PB 0x000000070cc00000| Untracked |  0
|  15|0x000000070ce00000, 0x000000070ce00000, 0x000000070d000000|  0%| F|  |TAMS 0x000000070ce00000| PB 0x000000070ce00000| Untracked |  0
|  16|0x000000070d000000, 0x000000070d000000, 0x000000070d200000|  0%| F|  |TAMS 0x000000070d000000| PB 0x000000070d000000| Untracked |  0
|  17|0x000000070d200000, 0x000000070d200000, 0x000000070d400000|  0%| F|  |TAMS 0x000000070d200000| PB 0x000000070d200000| Untracked |  0
|  18|0x000000070d400000, 0x000000070d400000, 0x000000070d600000|  0%| F|  |TAMS 0x000000070d400000| PB 0x000000070d400000| Untracked |  0
|  19|0x000000070d600000, 0x000000070d600000, 0x000000070d800000|  0%| F|  |TAMS 0x000000070d600000| PB 0x000000070d600000| Untracked |  0
|  20|0x000000070d800000, 0x000000070d800000, 0x000000070da00000|  0%| F|  |TAMS 0x000000070d800000| PB 0x000000070d800000| Untracked |  0
|  21|0x000000070da00000, 0x000000070da00000, 0x000000070dc00000|  0%| F|  |TAMS 0x000000070da00000| PB 0x000000070da00000| Untracked |  0
|  22|0x000000070dc00000, 0x000000070dc00000, 0x000000070de00000|  0%| F|  |TAMS 0x000000070dc00000| PB 0x000000070dc00000| Untracked |  0
|  23|0x000000070de00000, 0x000000070de00000, 0x000000070e000000|  0%| F|  |TAMS 0x000000070de00000| PB 0x000000070de00000| Untracked |  0
|  24|0x000000070e000000, 0x000000070e000000, 0x000000070e200000|  0%| F|  |TAMS 0x000000070e000000| PB 0x000000070e000000| Untracked |  0
|  25|0x000000070e200000, 0x000000070e200000, 0x000000070e400000|  0%| F|  |TAMS 0x000000070e200000| PB 0x000000070e200000| Untracked |  0
|  26|0x000000070e400000, 0x000000070e400000, 0x000000070e600000|  0%| F|  |TAMS 0x000000070e400000| PB 0x000000070e400000| Untracked |  0
|  27|0x000000070e600000, 0x000000070e600000, 0x000000070e800000|  0%| F|  |TAMS 0x000000070e600000| PB 0x000000070e600000| Untracked |  0
|  28|0x000000070e800000, 0x000000070e800000, 0x000000070ea00000|  0%| F|  |TAMS 0x000000070e800000| PB 0x000000070e800000| Untracked |  0
|  29|0x000000070ea00000, 0x000000070ea00000, 0x000000070ec00000|  0%| F|  |TAMS 0x000000070ea00000| PB 0x000000070ea00000| Untracked |  0
|  30|0x000000070ec00000, 0x000000070ec00000, 0x000000070ee00000|  0%| F|  |TAMS 0x000000070ec00000| PB 0x000000070ec00000| Untracked |  0
|  31|0x000000070ee00000, 0x000000070ee00000, 0x000000070f000000|  0%| F|  |TAMS 0x000000070ee00000| PB 0x000000070ee00000| Untracked |  0
|  32|0x000000070f000000, 0x000000070f000000, 0x000000070f200000|  0%| F|  |TAMS 0x000000070f000000| PB 0x000000070f000000| Untracked |  0
|  33|0x000000070f200000, 0x000000070f200000, 0x000000070f400000|  0%| F|  |TAMS 0x000000070f200000| PB 0x000000070f200000| Untracked |  0
|  34|0x000000070f400000, 0x000000070f400000, 0x000000070f600000|  0%| F|  |TAMS 0x000000070f400000| PB 0x000000070f400000| Untracked |  0
|  35|0x000000070f600000, 0x000000070f600000, 0x000000070f800000|  0%| F|  |TAMS 0x000000070f600000| PB 0x000000070f600000| Untracked |  0
|  36|0x000000070f800000, 0x000000070f800000, 0x000000070fa00000|  0%| F|  |TAMS 0x000000070f800000| PB 0x000000070f800000| Untracked |  0
|  37|0x000000070fa00000, 0x000000070fa00000, 0x000000070fc00000|  0%| F|  |TAMS 0x000000070fa00000| PB 0x000000070fa00000| Untracked |  0
|  38|0x000000070fc00000, 0x000000070fc00000, 0x000000070fe00000|  0%| F|  |TAMS 0x000000070fc00000| PB 0x000000070fc00000| Untracked |  0
|  39|0x000000070fe00000, 0x000000070fe00000, 0x0000000710000000|  0%| F|  |TAMS 0x000000070fe00000| PB 0x000000070fe00000| Untracked |  0
|  40|0x0000000710000000, 0x0000000710000000, 0x0000000710200000|  0%| F|  |TAMS 0x0000000710000000| PB 0x0000000710000000| Untracked |  0
|  41|0x0000000710200000, 0x0000000710200000, 0x0000000710400000|  0%| F|  |TAMS 0x0000000710200000| PB 0x0000000710200000| Untracked |  0
|  42|0x0000000710400000, 0x0000000710400000, 0x0000000710600000|  0%| F|  |TAMS 0x0000000710400000| PB 0x0000000710400000| Untracked |  0
|  43|0x0000000710600000, 0x0000000710600000, 0x0000000710800000|  0%| F|  |TAMS 0x0000000710600000| PB 0x0000000710600000| Untracked |  0
|  44|0x0000000710800000, 0x0000000710800000, 0x0000000710a00000|  0%| F|  |TAMS 0x0000000710800000| PB 0x0000000710800000| Untracked |  0
|  45|0x0000000710a00000, 0x0000000710a00000, 0x0000000710c00000|  0%| F|  |TAMS 0x0000000710a00000| PB 0x0000000710a00000| Untracked |  0
|  46|0x0000000710c00000, 0x0000000710c00000, 0x0000000710e00000|  0%| F|  |TAMS 0x0000000710c00000| PB 0x0000000710c00000| Untracked |  0
|  47|0x0000000710e00000, 0x0000000710e00000, 0x0000000711000000|  0%| F|  |TAMS 0x0000000710e00000| PB 0x0000000710e00000| Untracked |  0
|  48|0x0000000711000000, 0x0000000711000000, 0x0000000711200000|  0%| F|  |TAMS 0x0000000711000000| PB 0x0000000711000000| Untracked |  0
|  49|0x0000000711200000, 0x0000000711200000, 0x0000000711400000|  0%| F|  |TAMS 0x0000000711200000| PB 0x0000000711200000| Untracked |  0
|  50|0x0000000711400000, 0x0000000711400000, 0x0000000711600000|  0%| F|  |TAMS 0x0000000711400000| PB 0x0000000711400000| Untracked |  0
|  51|0x0000000711600000, 0x0000000711600000, 0x0000000711800000|  0%| F|  |TAMS 0x0000000711600000| PB 0x0000000711600000| Untracked |  0
|  52|0x0000000711800000, 0x0000000711800000, 0x0000000711a00000|  0%| F|  |TAMS 0x0000000711800000| PB 0x0000000711800000| Untracked |  0
|  53|0x0000000711a00000, 0x0000000711a00000, 0x0000000711c00000|  0%| F|  |TAMS 0x0000000711a00000| PB 0x0000000711a00000| Untracked |  0
|  54|0x0000000711c00000, 0x0000000711c00000, 0x0000000711e00000|  0%| F|  |TAMS 0x0000000711c00000| PB 0x0000000711c00000| Untracked |  0
|  55|0x0000000711e00000, 0x0000000711e00000, 0x0000000712000000|  0%| F|  |TAMS 0x0000000711e00000| PB 0x0000000711e00000| Untracked |  0
|  56|0x0000000712000000, 0x0000000712000000, 0x0000000712200000|  0%| F|  |TAMS 0x0000000712000000| PB 0x0000000712000000| Untracked |  0
|  57|0x0000000712200000, 0x0000000712200000, 0x0000000712400000|  0%| F|  |TAMS 0x0000000712200000| PB 0x0000000712200000| Untracked |  0
|  58|0x0000000712400000, 0x0000000712400000, 0x0000000712600000|  0%| F|  |TAMS 0x0000000712400000| PB 0x0000000712400000| Untracked |  0
|  59|0x0000000712600000, 0x0000000712600000, 0x0000000712800000|  0%| F|  |TAMS 0x0000000712600000| PB 0x0000000712600000| Untracked |  0
|  60|0x0000000712800000, 0x0000000712800000, 0x0000000712a00000|  0%| F|  |TAMS 0x0000000712800000| PB 0x0000000712800000| Untracked |  0
|  61|0x0000000712a00000, 0x0000000712a00000, 0x0000000712c00000|  0%| F|  |TAMS 0x0000000712a00000| PB 0x0000000712a00000| Untracked |  0
|  62|0x0000000712c00000, 0x0000000712c00000, 0x0000000712e00000|  0%| F|  |TAMS 0x0000000712c00000| PB 0x0000000712c00000| Untracked |  0
|  63|0x0000000712e00000, 0x0000000712e00000, 0x0000000713000000|  0%| F|  |TAMS 0x0000000712e00000| PB 0x0000000712e00000| Untracked |  0
|  64|0x0000000713000000, 0x0000000713000000, 0x0000000713200000|  0%| F|  |TAMS 0x0000000713000000| PB 0x0000000713000000| Untracked |  0
|  65|0x0000000713200000, 0x0000000713200000, 0x0000000713400000|  0%| F|  |TAMS 0x0000000713200000| PB 0x0000000713200000| Untracked |  0
|  66|0x0000000713400000, 0x0000000713400000, 0x0000000713600000|  0%| F|  |TAMS 0x0000000713400000| PB 0x0000000713400000| Untracked |  0
|  67|0x0000000713600000, 0x0000000713600000, 0x0000000713800000|  0%| F|  |TAMS 0x0000000713600000| PB 0x0000000713600000| Untracked |  0
|  68|0x0000000713800000, 0x0000000713800000, 0x0000000713a00000|  0%| F|  |TAMS 0x0000000713800000| PB 0x0000000713800000| Untracked |  0
|  69|0x0000000713a00000, 0x0000000713a00000, 0x0000000713c00000|  0%| F|  |TAMS 0x0000000713a00000| PB 0x0000000713a00000| Untracked |  0
|  70|0x0000000713c00000, 0x0000000713c00000, 0x0000000713e00000|  0%| F|  |TAMS 0x0000000713c00000| PB 0x0000000713c00000| Untracked |  0
|  71|0x0000000713e00000, 0x0000000713e00000, 0x0000000714000000|  0%| F|  |TAMS 0x0000000713e00000| PB 0x0000000713e00000| Untracked |  0
|  72|0x0000000714000000, 0x0000000714000000, 0x0000000714200000|  0%| F|  |TAMS 0x0000000714000000| PB 0x0000000714000000| Untracked |  0
|  73|0x0000000714200000, 0x0000000714200000, 0x0000000714400000|  0%| F|  |TAMS 0x0000000714200000| PB 0x0000000714200000| Untracked |  0
|  74|0x0000000714400000, 0x0000000714400000, 0x0000000714600000|  0%| F|  |TAMS 0x0000000714400000| PB 0x0000000714400000| Untracked |  0
|  75|0x0000000714600000, 0x0000000714600000, 0x0000000714800000|  0%| F|  |TAMS 0x0000000714600000| PB 0x0000000714600000| Untracked |  0
|  76|0x0000000714800000, 0x0000000714800000, 0x0000000714a00000|  0%| F|  |TAMS 0x0000000714800000| PB 0x0000000714800000| Untracked |  0
|  77|0x0000000714a00000, 0x0000000714a00000, 0x0000000714c00000|  0%| F|  |TAMS 0x0000000714a00000| PB 0x0000000714a00000| Untracked |  0
|  78|0x0000000714c00000, 0x0000000714c00000, 0x0000000714e00000|  0%| F|  |TAMS 0x0000000714c00000| PB 0x0000000714c00000| Untracked |  0
|  79|0x0000000714e00000, 0x0000000714e00000, 0x0000000715000000|  0%| F|  |TAMS 0x0000000714e00000| PB 0x0000000714e00000| Untracked |  0
|  80|0x0000000715000000, 0x0000000715000000, 0x0000000715200000|  0%| F|  |TAMS 0x0000000715000000| PB 0x0000000715000000| Untracked |  0
|  81|0x0000000715200000, 0x0000000715200000, 0x0000000715400000|  0%| F|  |TAMS 0x0000000715200000| PB 0x0000000715200000| Untracked |  0
|  82|0x0000000715400000, 0x0000000715400000, 0x0000000715600000|  0%| F|  |TAMS 0x0000000715400000| PB 0x0000000715400000| Untracked |  0
|  83|0x0000000715600000, 0x0000000715600000, 0x0000000715800000|  0%| F|  |TAMS 0x0000000715600000| PB 0x0000000715600000| Untracked |  0
|  84|0x0000000715800000, 0x0000000715800000, 0x0000000715a00000|  0%| F|  |TAMS 0x0000000715800000| PB 0x0000000715800000| Untracked |  0
|  85|0x0000000715a00000, 0x0000000715a00000, 0x0000000715c00000|  0%| F|  |TAMS 0x0000000715a00000| PB 0x0000000715a00000| Untracked |  0
|  86|0x0000000715c00000, 0x0000000715c00000, 0x0000000715e00000|  0%| F|  |TAMS 0x0000000715c00000| PB 0x0000000715c00000| Untracked |  0
|  87|0x0000000715e00000, 0x0000000715e00000, 0x0000000716000000|  0%| F|  |TAMS 0x0000000715e00000| PB 0x0000000715e00000| Untracked |  0
|  88|0x0000000716000000, 0x0000000716000000, 0x0000000716200000|  0%| F|  |TAMS 0x0000000716000000| PB 0x0000000716000000| Untracked |  0
|  89|0x0000000716200000, 0x0000000716200000, 0x0000000716400000|  0%| F|  |TAMS 0x0000000716200000| PB 0x0000000716200000| Untracked |  0
|  90|0x0000000716400000, 0x0000000716400000, 0x0000000716600000|  0%| F|  |TAMS 0x0000000716400000| PB 0x0000000716400000| Untracked |  0
|  91|0x0000000716600000, 0x0000000716600000, 0x0000000716800000|  0%| F|  |TAMS 0x0000000716600000| PB 0x0000000716600000| Untracked |  0
|  92|0x0000000716800000, 0x0000000716800000, 0x0000000716a00000|  0%| F|  |TAMS 0x0000000716800000| PB 0x0000000716800000| Untracked |  0
|  93|0x0000000716a00000, 0x0000000716a00000, 0x0000000716c00000|  0%| F|  |TAMS 0x0000000716a00000| PB 0x0000000716a00000| Untracked |  0
|  94|0x0000000716c00000, 0x0000000716c00000, 0x0000000716e00000|  0%| F|  |TAMS 0x0000000716c00000| PB 0x0000000716c00000| Untracked |  0
|  95|0x0000000716e00000, 0x0000000716e00000, 0x0000000717000000|  0%| F|  |TAMS 0x0000000716e00000| PB 0x0000000716e00000| Untracked |  0
|  96|0x0000000717000000, 0x0000000717000000, 0x0000000717200000|  0%| F|  |TAMS 0x0000000717000000| PB 0x0000000717000000| Untracked |  0
|  97|0x0000000717200000, 0x0000000717200000, 0x0000000717400000|  0%| F|  |TAMS 0x0000000717200000| PB 0x0000000717200000| Untracked |  0
|  98|0x0000000717400000, 0x0000000717400000, 0x0000000717600000|  0%| F|  |TAMS 0x0000000717400000| PB 0x0000000717400000| Untracked |  0
|  99|0x0000000717600000, 0x0000000717600000, 0x0000000717800000|  0%| F|  |TAMS 0x0000000717600000| PB 0x0000000717600000| Untracked |  0
| 100|0x0000000717800000, 0x0000000717800000, 0x0000000717a00000|  0%| F|  |TAMS 0x0000000717800000| PB 0x0000000717800000| Untracked |  0
| 101|0x0000000717a00000, 0x0000000717a00000, 0x0000000717c00000|  0%| F|  |TAMS 0x0000000717a00000| PB 0x0000000717a00000| Untracked |  0
| 102|0x0000000717c00000, 0x0000000717c00000, 0x0000000717e00000|  0%| F|  |TAMS 0x0000000717c00000| PB 0x0000000717c00000| Untracked |  0
| 103|0x0000000717e00000, 0x0000000717e00000, 0x0000000718000000|  0%| F|  |TAMS 0x0000000717e00000| PB 0x0000000717e00000| Untracked |  0
| 104|0x0000000718000000, 0x0000000718000000, 0x0000000718200000|  0%| F|  |TAMS 0x0000000718000000| PB 0x0000000718000000| Untracked |  0
| 105|0x0000000718200000, 0x0000000718200000, 0x0000000718400000|  0%| F|  |TAMS 0x0000000718200000| PB 0x0000000718200000| Untracked |  0
| 106|0x0000000718400000, 0x0000000718400000, 0x0000000718600000|  0%| F|  |TAMS 0x0000000718400000| PB 0x0000000718400000| Untracked |  0
| 107|0x0000000718600000, 0x0000000718600000, 0x0000000718800000|  0%| F|  |TAMS 0x0000000718600000| PB 0x0000000718600000| Untracked |  0
| 108|0x0000000718800000, 0x0000000718800000, 0x0000000718a00000|  0%| F|  |TAMS 0x0000000718800000| PB 0x0000000718800000| Untracked |  0
| 109|0x0000000718a00000, 0x0000000718a00000, 0x0000000718c00000|  0%| F|  |TAMS 0x0000000718a00000| PB 0x0000000718a00000| Untracked |  0
| 110|0x0000000718c00000, 0x0000000718c00000, 0x0000000718e00000|  0%| F|  |TAMS 0x0000000718c00000| PB 0x0000000718c00000| Untracked |  0
| 111|0x0000000718e00000, 0x0000000718e00000, 0x0000000719000000|  0%| F|  |TAMS 0x0000000718e00000| PB 0x0000000718e00000| Untracked |  0
| 112|0x0000000719000000, 0x0000000719000000, 0x0000000719200000|  0%| F|  |TAMS 0x0000000719000000| PB 0x0000000719000000| Untracked |  0
| 113|0x0000000719200000, 0x0000000719200000, 0x0000000719400000|  0%| F|  |TAMS 0x0000000719200000| PB 0x0000000719200000| Untracked |  0
| 114|0x0000000719400000, 0x0000000719400000, 0x0000000719600000|  0%| F|  |TAMS 0x0000000719400000| PB 0x0000000719400000| Untracked |  0
| 115|0x0000000719600000, 0x0000000719600000, 0x0000000719800000|  0%| F|  |TAMS 0x0000000719600000| PB 0x0000000719600000| Untracked |  0
| 116|0x0000000719800000, 0x00000007198fd0a0, 0x0000000719a00000| 49%| E|  |TAMS 0x0000000719800000| PB 0x0000000719800000| Complete |  0
| 117|0x0000000719a00000, 0x0000000719c00000, 0x0000000719c00000|100%| E|CS|TAMS 0x0000000719a00000| PB 0x0000000719a00000| Complete |  0
| 118|0x0000000719c00000, 0x0000000719e00000, 0x0000000719e00000|100%| E|CS|TAMS 0x0000000719c00000| PB 0x0000000719c00000| Complete |  0
| 119|0x0000000719e00000, 0x000000071a000000, 0x000000071a000000|100%| E|CS|TAMS 0x0000000719e00000| PB 0x0000000719e00000| Complete |  0
| 120|0x000000071a000000, 0x000000071a200000, 0x000000071a200000|100%| E|CS|TAMS 0x000000071a000000| PB 0x000000071a000000| Complete |  0
| 121|0x000000071a200000, 0x000000071a400000, 0x000000071a400000|100%| E|CS|TAMS 0x000000071a200000| PB 0x000000071a200000| Complete |  0
| 122|0x000000071a400000, 0x000000071a600000, 0x000000071a600000|100%| E|CS|TAMS 0x000000071a400000| PB 0x000000071a400000| Complete |  0
|1959|0x00000007ffe00000, 0x00000007fff25608, 0x0000000800000000| 57%| O|  |TAMS 0x00000007ffe00000| PB 0x00000007ffe00000| Untracked |  0

Card table byte_map: [0x000001255ebc0000,0x000001255f370000] _byte_map_base: 0x000001255b368000

Marking Bits: (CMBitMap*) 0x00000125466a8ed0
 Bits: [0x000001255f370000, 0x00000125630b0000)

Polling page: 0x0000012545e10000

Metaspace:
Metaspace        used 3218K, committed 3392K, reserved 1114112K
 class space     used 247K, committed 320K, reserved 1048576K

Usage:
  Non-class:      2.90 MB used.
      Class:    247.55 KB used.
       Both:      3.14 MB used.

Virtual space:
  Non-class space:       64.00 MB reserved,       3.00 MB (  5%) committed,  1 nodes.
      Class space:        1.00 GB reserved,     320.00 KB ( <1%) committed,  1 nodes.
             Both:        1.06 GB reserved,       3.31 MB ( <1%) committed. 

Chunk freelists:
   Non-Class:  10.55 MB
       Class:  15.59 MB
        Both:  26.14 MB

MaxMetaspaceSize: unlimited
CompressedClassSpaceSize: 1.00 GB
Initial GC threshold: 21.00 MB
Current GC threshold: 21.00 MB
CDS: on
 - commit_granule_bytes: 65536.
 - commit_granule_words: 8192.
 - virtual_space_node_default_size: 8388608.
 - enlarge_chunks_in_place: 1.
UseCompressedClassPointers 1, UseCompactObjectHeaders 0
Narrow klass pointer bits 32, Max shift 3
Narrow klass base: 0x0000000096000000, Narrow klass shift: 0
Encoding Range: [0x0000000096000000 - 0x0000000196000000), (4294967296 bytes)
Klass Range:    [0x0000000096010000 - 0x00000000d7000000), (1090453504 bytes)
Klass ID Range:  [65536 - 1090519033) (1090453497)
Protection zone: [0x0000000096000000 - 0x0000000096010000), (65536 bytes)


Internal statistics:

num_allocs_failed_limit: 0.
num_arena_births: 36.
num_arena_deaths: 0.
num_vsnodes_births: 2.
num_vsnodes_deaths: 0.
num_space_committed: 53.
num_space_uncommitted: 0.
num_chunks_returned_to_freelist: 0.
num_chunks_taken_from_freelist: 126.
num_chunk_merges: 0.
num_chunk_splits: 78.
num_chunks_enlarged: 57.
num_inconsistent_stats: 0.

CodeHeap 'non-profiled nmethods': size=120064Kb used=201Kb max_used=201Kb free=119862Kb
 bounds [0x0000012556980000, 0x0000012556bf0000, 0x000001255dec0000]
CodeHeap 'profiled nmethods': size=120000Kb used=1580Kb max_used=1580Kb free=118419Kb
 bounds [0x000001254eec0000, 0x000001254f130000, 0x00000125563f0000]
CodeHeap 'non-nmethods': size=5696Kb used=1349Kb max_used=1349Kb free=4346Kb
 bounds [0x00000125563f0000, 0x0000012556660000, 0x0000012556980000]
CodeCache: size=245760Kb, used=3130Kb, max_used=3130Kb, free=242627Kb
 total_blobs=1473, nmethods=1008, adapters=367, full_count=0
Compilation: enabled, stopped_count=0, restarted_count=0

Compilation events (20 events):
Event: 6.717 Thread 0x0000012565bf5040 nmethod 873 0x000001254eff7208 code [0x000001254eff7300, 0x000001254eff7458]
Event: 6.717 Thread 0x0000012565bf5040  874       3       java.util.regex.Pattern::isSupplementary (21 bytes)
Event: 6.717 Thread 0x0000012565bf5040 nmethod 874 0x000001254eff7508 code [0x000001254eff7600, 0x000001254eff7840]
Event: 6.717 Thread 0x0000012565bdd8a0 nmethod 865 0x00000125569b0588 code [0x00000125569b0680, 0x00000125569b0d70]
Event: 6.717 Thread 0x0000012565bdd8a0  866       4       sun.util.locale.BaseLocale::hashCode (169 bytes)
Event: 6.718 Thread 0x0000012565bf5040  875       3       java.lang.invoke.MethodType::equals (27 bytes)
Event: 6.718 Thread 0x0000012565bf5040 nmethod 875 0x000001254eff7888 code [0x000001254eff7980, 0x000001254eff7df0]
Event: 6.721 Thread 0x0000012565bf5040  876       1       sun.util.locale.BaseLocale::getLanguage (5 bytes)
Event: 6.721 Thread 0x0000012565bf5040 nmethod 876 0x00000125569b0d88 code [0x00000125569b0e80, 0x00000125569b0f48]
Event: 6.727 Thread 0x0000012565bdd8a0 nmethod 866 0x00000125569b1088 code [0x00000125569b1180, 0x00000125569b16a0]
Event: 6.727 Thread 0x0000012565bdd8a0  872       4       sun.util.locale.LocaleUtils::toLower (17 bytes)
Event: 6.728 Thread 0x0000012565bdd8a0 nmethod 872 0x00000125569b1708 code [0x00000125569b1800, 0x00000125569b1878]
Event: 6.730 Thread 0x0000012565bdd8a0  877       4       java.lang.StringLatin1::replace (197 bytes)
Event: 6.733 Thread 0x0000012565bf5040  878   !   3       java.util.zip.ZipFile::getInputStream (286 bytes)
Event: 6.736 Thread 0x0000012565bf5040 nmethod 878 0x000001254eff7e08 code [0x000001254eff7f00, 0x000001254eff9038]
Event: 6.736 Thread 0x0000012565bf5040  879       3       java.util.zip.ZipFile$ZipFileInputStream::<init> (101 bytes)
Event: 6.737 Thread 0x0000012565bf5040 nmethod 879 0x000001254eff9088 code [0x000001254eff9180, 0x000001254eff9818]
Event: 6.737 Thread 0x0000012565bf5040  881       3       sun.net.www.protocol.file.Handler::parseURL (18 bytes)
Event: 6.737 Thread 0x0000012565bf5040 nmethod 881 0x000001254eff9888 code [0x000001254eff9980, 0x000001254eff9bb8]
Event: 6.737 Thread 0x0000012565bf5040  882       3       java.net.URLStreamHandler::parseURL (1130 bytes)

GC Heap Usage History (0 events):
No events

Metaspace Usage History (0 events):
No events

Dll operation events (7 events):
Event: 0.032 Loaded shared library C:\Program Files\Java\jdk-25\bin\java.dll
Event: 0.139 Loaded shared library C:\Program Files\Java\jdk-25\bin\net.dll
Event: 0.142 Loaded shared library C:\Program Files\Java\jdk-25\bin\nio.dll
Event: 0.147 Loaded shared library C:\Program Files\Java\jdk-25\bin\zip.dll
Event: 2.427 Loaded shared library C:\Program Files\Java\jdk-25\bin\jimage.dll
Event: 3.429 Loaded shared library C:\Program Files\IntelliJ IDEA Community Edition 2025.2.2\plugins\maven\lib\maven3\lib\jansi-native\Windows\x86_64\jansi.dll
Event: 3.444 Loaded shared library C:\Program Files\Java\jdk-25\bin\verify.dll

Deoptimization events (20 events):
Event: 5.508 Thread 0x0000012544214990 DEOPT PACKING pc=0x00000125569a2928 sp=0x000000190b4fee70
Event: 5.508 Thread 0x0000012544214990 DEOPT UNPACKING pc=0x0000012556511302 sp=0x000000190b4fedd0 mode 2
Event: 5.554 Thread 0x0000012544214990 DEOPT PACKING pc=0x000001254ef01ff8 sp=0x000000190b4feaf0
Event: 6.553 Thread 0x0000012544214990 DEOPT UNPACKING pc=0x0000012556441702 sp=0x000000190b4fdf60 mode 0
Event: 6.571 Thread 0x0000012544214990 DEOPT PACKING pc=0x000001254ef01ff8 sp=0x000000190b4fe570
Event: 6.571 Thread 0x0000012544214990 DEOPT UNPACKING pc=0x0000012556441702 sp=0x000000190b4fd9e0 mode 0
Event: 6.591 Thread 0x0000012544214990 DEOPT PACKING pc=0x000001254ef01ff8 sp=0x000000190b4fa730
Event: 6.591 Thread 0x0000012544214990 DEOPT UNPACKING pc=0x0000012556441702 sp=0x000000190b4f9ba0 mode 0
Event: 6.617 Thread 0x0000012544214990 Uncommon trap: trap_request=0xffffff45 fr.pc=0x000001255698aff8 relative=0x0000000000000078
Event: 6.617 Thread 0x0000012544214990 Uncommon trap: reason=unstable_if action=reinterpret pc=0x000001255698aff8 method=jdk.internal.misc.Unsafe.convEndian(ZS)S @ 4 c2
Event: 6.617 Thread 0x0000012544214990 DEOPT PACKING pc=0x000001255698aff8 sp=0x000000190b4fd6e0
Event: 6.617 Thread 0x0000012544214990 DEOPT UNPACKING pc=0x0000012556511302 sp=0x000000190b4fd610 mode 2
Event: 6.618 Thread 0x0000012544214990 DEOPT PACKING pc=0x000001254eedea70 sp=0x000000190b4fd890
Event: 6.618 Thread 0x0000012544214990 DEOPT UNPACKING pc=0x0000012556441702 sp=0x000000190b4fccc8 mode 0
Event: 6.622 Thread 0x0000012544214990 Uncommon trap: trap_request=0xffffff45 fr.pc=0x000001255698b5f4 relative=0x0000000000000074
Event: 6.622 Thread 0x0000012544214990 Uncommon trap: reason=unstable_if action=reinterpret pc=0x000001255698b5f4 method=jdk.internal.misc.Unsafe.convEndian(ZI)I @ 4 c2
Event: 6.622 Thread 0x0000012544214990 DEOPT PACKING pc=0x000001255698b5f4 sp=0x000000190b4fe0d0
Event: 6.622 Thread 0x0000012544214990 DEOPT UNPACKING pc=0x0000012556511302 sp=0x000000190b4fe000 mode 2
Event: 6.730 Thread 0x0000012544214990 DEOPT PACKING pc=0x000001254eed61e0 sp=0x000000190b4fcd70
Event: 6.730 Thread 0x0000012544214990 DEOPT UNPACKING pc=0x0000012556441702 sp=0x000000190b4fc230 mode 0

Classes loaded (20 events):
Event: 6.608 Loading class java/util/concurrent/locks/ReentrantReadWriteLock$Sync done
Event: 6.608 Loading class java/util/concurrent/locks/ReentrantReadWriteLock$NonfairSync done
Event: 6.608 Loading class java/util/concurrent/locks/ReentrantReadWriteLock$Sync$ThreadLocalHoldCounter
Event: 6.608 Loading class java/util/concurrent/locks/ReentrantReadWriteLock$Sync$ThreadLocalHoldCounter done
Event: 6.608 Loading class java/util/concurrent/locks/ReentrantReadWriteLock$ReadLock
Event: 6.608 Loading class java/util/concurrent/locks/ReentrantReadWriteLock$ReadLock done
Event: 6.608 Loading class java/util/concurrent/locks/ReentrantReadWriteLock$WriteLock
Event: 6.608 Loading class java/util/concurrent/locks/ReentrantReadWriteLock$WriteLock done
Event: 6.612 Loading class java/text/ParseException
Event: 6.612 Loading class java/text/ParseException done
Event: 6.623 Loading class sun/util/calendar/ZoneInfoFile$Checksum
Event: 6.623 Loading class sun/util/calendar/ZoneInfoFile$Checksum done
Event: 6.626 Loading class jdk/internal/module/ModulePatcher$PatchedModuleReader
Event: 6.626 Loading class jdk/internal/module/ModulePatcher$PatchedModuleReader done
Event: 6.627 Loading class sun/net/www/protocol/jrt/Handler
Event: 6.627 Loading class sun/net/www/protocol/jrt/Handler done
Event: 6.722 Loading class sun/text/resources/cldr/FormatData_en
Event: 6.724 Loading class sun/text/resources/cldr/FormatData_en done
Event: 6.724 Loading class sun/text/resources/cldr/FormatData_en_US
Event: 6.724 Loading class sun/text/resources/cldr/FormatData_en_US done

Classes unloaded (0 events):
No events

Classes redefined (0 events):
No events

Internal exceptions (17 events):
Event: 2.390 Thread 0x0000012544214990 Exception <a 'java/lang/NoSuchMethodError'{0x000000071a0b4790}: 'java.lang.Object java.lang.invoke.Invokers$Holder.invokeExact_MT(java.lang.Object, java.lang.Object, java.lang.Object, java.lang.Object, java.lang.Object)'> (0x000000071a0b4790) 
thrown [s\open\src\hotspot\share\interpreter\linkResolver.cpp, line 804]
Event: 2.400 Thread 0x0000012544214990 Exception <a 'java/lang/NoSuchMethodError'{0x000000071a0debe0}: 'java.lang.Object java.lang.invoke.DirectMethodHandle$Holder.invokeStaticInit(java.lang.Object)'> (0x000000071a0debe0) 
thrown [s\open\src\hotspot\share\interpreter\linkResolver.cpp, line 804]
Event: 2.416 Thread 0x0000012544214990 Exception <a 'java/lang/NullPointerException'{0x000000071a10d6a8}> (0x000000071a10d6a8) 
thrown [s\open\src\hotspot\share\interpreter\linkResolver.cpp, line 1416]
Event: 3.432 Thread 0x0000012544214990 Exception <a 'java/lang/NullPointerException'{0x000000071a12ad90}> (0x000000071a12ad90) 
thrown [s\open\src\hotspot\share\interpreter\linkResolver.cpp, line 1416]
Event: 3.432 Thread 0x0000012544214990 Exception <a 'java/lang/NullPointerException'{0x000000071a12b070}> (0x000000071a12b070) 
thrown [s\open\src\hotspot\share\interpreter\linkResolver.cpp, line 1416]
Event: 3.432 Thread 0x0000012544214990 Exception <a 'java/lang/NullPointerException'{0x000000071a12b350}> (0x000000071a12b350) 
thrown [s\open\src\hotspot\share\interpreter\linkResolver.cpp, line 1416]
Event: 3.433 Thread 0x0000012544214990 Exception <a 'java/lang/NullPointerException'{0x000000071a12f8d8}> (0x000000071a12f8d8) 
thrown [s\open\src\hotspot\share\interpreter\linkResolver.cpp, line 1416]
Event: 3.435 Thread 0x0000012544214990 Exception <a 'java/lang/NullPointerException'{0x000000071a13fe88}> (0x000000071a13fe88) 
thrown [s\open\src\hotspot\share\interpreter\linkResolver.cpp, line 1416]
Event: 3.435 Thread 0x0000012544214990 Exception <a 'java/lang/NullPointerException'{0x000000071a140168}> (0x000000071a140168) 
thrown [s\open\src\hotspot\share\interpreter\linkResolver.cpp, line 1416]
Event: 3.435 Thread 0x0000012544214990 Exception <a 'java/lang/NullPointerException'{0x000000071a140448}> (0x000000071a140448) 
thrown [s\open\src\hotspot\share\interpreter\linkResolver.cpp, line 1416]
Event: 3.435 Thread 0x0000012544214990 Exception <a 'java/lang/NullPointerException'{0x000000071a140728}> (0x000000071a140728) 
thrown [s\open\src\hotspot\share\interpreter\linkResolver.cpp, line 1416]
Event: 3.458 Thread 0x0000012544214990 Exception <a 'java/lang/NoSuchMethodError'{0x000000071a1a5978}: 'void java.lang.invoke.DirectMethodHandle$Holder.invokeStatic(java.lang.Object, java.lang.Object)'> (0x000000071a1a5978) 
thrown [s\open\src\hotspot\share\interpreter\linkResolver.cpp, line 804]
Event: 3.459 Thread 0x0000012544214990 Exception <a 'java/lang/NoSuchMethodError'{0x000000071a1ad720}: 'void java.lang.invoke.DirectMethodHandle$Holder.invokeStaticInit(java.lang.Object, java.lang.Object)'> (0x000000071a1ad720) 
thrown [s\open\src\hotspot\share\interpreter\linkResolver.cpp, line 804]
Event: 5.491 Thread 0x0000012544214990 Exception <a 'java/lang/NoSuchMethodError'{0x0000000719f01558}: 'void java.lang.invoke.DirectMethodHandle$Holder.invokeStatic(java.lang.Object, java.lang.Object, java.lang.Object)'> (0x0000000719f01558) 
thrown [s\open\src\hotspot\share\interpreter\linkResolver.cpp, line 804]
Event: 5.537 Thread 0x0000012544214990 Exception <a 'java/lang/NullPointerException'{0x0000000719f970b0}> (0x0000000719f970b0) 
thrown [s\open\src\hotspot\share\interpreter\linkResolver.cpp, line 1416]
Event: 5.537 Thread 0x0000012544214990 Exception <a 'java/lang/NullPointerException'{0x0000000719f9d888}> (0x0000000719f9d888) 
thrown [s\open\src\hotspot\share\interpreter\linkResolver.cpp, line 1416]
Event: 6.587 Thread 0x0000012544214990 Exception <a 'java/lang/NoSuchMethodError'{0x0000000719c92178}: 'java.lang.Object java.lang.invoke.DirectMethodHandle$Holder.invokeSpecialIFC(java.lang.Object, java.lang.Object, java.lang.Object, java.lang.Object)'> (0x0000000719c92178) 
thrown [s\open\src\hotspot\share\interpreter\linkResolver.cpp, line 804]

VM Operations (4 events):
Event: 2.414 Executing non-safepoint VM operation: HandshakeAllThreads (Deoptimize)
Event: 2.414 Executing non-safepoint VM operation: HandshakeAllThreads (Deoptimize) done
Event: 3.437 Executing non-safepoint VM operation: HandshakeAllThreads (Deoptimize)
Event: 3.437 Executing non-safepoint VM operation: HandshakeAllThreads (Deoptimize) done

Memory protections (0 events):
No events

Nmethod flushes (0 events):
No events

Events (17 events):
Event: 0.096 Thread 0x0000012544214990 Thread added: 0x0000012544214990
Event: 0.120 Thread 0x0000012544214990 Thread added: 0x0000012565bb8d50
Event: 0.121 Thread 0x0000012544214990 Thread added: 0x0000012565bb97b0
Event: 0.121 Thread 0x0000012544214990 Thread added: 0x0000012565bbc630
Event: 0.121 Thread 0x0000012544214990 Thread added: 0x0000012565bbe350
Event: 0.121 Thread 0x0000012544214990 Thread added: 0x0000012565bc2730
Event: 0.122 Thread 0x0000012544214990 Thread added: 0x0000012565bcb560
Event: 0.122 Thread 0x0000012544214990 Thread added: 0x0000012565bdd8a0
Event: 0.122 Thread 0x0000012544214990 Thread added: 0x0000012565bf5040
Event: 0.134 Thread 0x0000012544214990 Thread added: 0x0000012565b93f20
Event: 0.136 Thread 0x0000012544214990 Thread added: 0x0000012565c3e060
Event: 0.194 Thread 0x0000012565bdd8a0 Thread added: 0x000001256a135ca0
Event: 0.194 Thread 0x0000012565bdd8a0 Thread added: 0x000001256a1364b0
Event: 2.422 Thread 0x0000012544214990 Thread added: 0x0000012565bc8930
Event: 3.430 Thread 0x000001256a1364b0 Thread exited: 0x000001256a1364b0
Event: 3.430 Thread 0x000001256a135ca0 Thread exited: 0x000001256a135ca0
Event: 3.447 Thread 0x0000012565bc8930 Thread exited: 0x0000012565bc8930


Dynamic libraries:
0x00007ff64e3c0000 - 0x00007ff64e3d0000 	C:\Program Files\Java\jdk-25\bin\java.exe
0x00007ffa697e0000 - 0x00007ffa69a47000 	C:\WINDOWS\SYSTEM32\ntdll.dll
0x00007ffa68cd0000 - 0x00007ffa68d99000 	C:\WINDOWS\System32\KERNEL32.DLL
0x00007ffa66fe0000 - 0x00007ffa673d7000 	C:\WINDOWS\System32\KERNELBASE.dll
0x00007ffa66cb0000 - 0x00007ffa66dfb000 	C:\WINDOWS\System32\ucrtbase.dll
0x00007ffa50ef0000 - 0x00007ffa50f0e000 	C:\Program Files\Java\jdk-25\bin\VCRUNTIME140.dll
0x00007ffa4ec30000 - 0x00007ffa4ec47000 	C:\Program Files\Java\jdk-25\bin\jli.dll
0x00007ffa68980000 - 0x00007ffa68b46000 	C:\WINDOWS\System32\USER32.dll
0x00007ffa67470000 - 0x00007ffa67497000 	C:\WINDOWS\System32\win32u.dll
0x00007ffa54cd0000 - 0x00007ffa54f62000 	C:\WINDOWS\WinSxS\amd64_microsoft.windows.common-controls_6595b64144ccf1df_6.0.26100.8457_none_3e0b2faee331e92d\COMCTL32.dll
0x00007ffa69120000 - 0x00007ffa6914b000 	C:\WINDOWS\System32\GDI32.dll
0x00007ffa66eb0000 - 0x00007ffa66fdc000 	C:\WINDOWS\System32\gdi32full.dll
0x00007ffa68ec0000 - 0x00007ffa68f69000 	C:\WINDOWS\System32\msvcrt.dll
0x00007ffa66e00000 - 0x00007ffa66ea3000 	C:\WINDOWS\System32\msvcp_win.dll
0x00007ffa68e80000 - 0x00007ffa68eb2000 	C:\WINDOWS\System32\IMM32.DLL
0x00007ffa50ee0000 - 0x00007ffa50eec000 	C:\Program Files\Java\jdk-25\bin\vcruntime140_1.dll
0x00007ffa22190000 - 0x00007ffa2221d000 	C:\Program Files\Java\jdk-25\bin\msvcp140.dll
0x00007ff96dfd0000 - 0x00007ff96ee2f000 	C:\Program Files\Java\jdk-25\bin\server\jvm.dll
0x00007ffa67bd0000 - 0x00007ffa67c86000 	C:\WINDOWS\System32\ADVAPI32.dll
0x00007ffa686b0000 - 0x00007ffa68757000 	C:\WINDOWS\System32\sechost.dll
0x00007ffa68f70000 - 0x00007ffa69088000 	C:\WINDOWS\System32\RPCRT4.dll
0x00007ffa68760000 - 0x00007ffa687e0000 	C:\WINDOWS\System32\WS2_32.dll
0x00007ffa64dd0000 - 0x00007ffa64e2e000 	C:\WINDOWS\SYSTEM32\POWRPROF.dll
0x00007ffa5e070000 - 0x00007ffa5e07b000 	C:\WINDOWS\SYSTEM32\VERSION.dll
0x00007ffa5ce90000 - 0x00007ffa5cec6000 	C:\WINDOWS\SYSTEM32\WINMM.dll
0x00007ffa64db0000 - 0x00007ffa64dc4000 	C:\WINDOWS\SYSTEM32\UMPDC.dll
0x00007ffa65080000 - 0x00007ffa6509b000 	C:\WINDOWS\SYSTEM32\kernel.appcore.dll
0x00007ffa4e5f0000 - 0x00007ffa4e5fa000 	C:\Program Files\Java\jdk-25\bin\jimage.dll
0x00007ffa5d180000 - 0x00007ffa5d3c2000 	C:\WINDOWS\SYSTEM32\DBGHELP.DLL
0x00007ffa69340000 - 0x00007ffa696c3000 	C:\WINDOWS\System32\combase.dll
0x00007ffa68da0000 - 0x00007ffa68e79000 	C:\WINDOWS\System32\OLEAUT32.dll
0x00007ffa36150000 - 0x00007ffa3618b000 	C:\WINDOWS\SYSTEM32\dbgcore.DLL
0x00007ffa66210000 - 0x00007ffa662b8000 	C:\WINDOWS\System32\bcryptPrimitives.dll
0x00007ffa4e600000 - 0x00007ffa4e61f000 	C:\Program Files\Java\jdk-25\bin\java.dll
0x00007ffa67c90000 - 0x00007ffa67e27000 	C:\WINDOWS\System32\ole32.dll
0x00007ffa67e30000 - 0x00007ffa6859e000 	C:\WINDOWS\System32\SHELL32.dll
0x00007ffa66440000 - 0x00007ffa66cac000 	C:\WINDOWS\System32\windows.storage.dll
0x00007ffa685b0000 - 0x00007ffa686a6000 	C:\WINDOWS\System32\SHCORE.dll
0x00007ffa69160000 - 0x00007ffa691c6000 	C:\WINDOWS\System32\shlwapi.dll
0x00007ffa66130000 - 0x00007ffa66159000 	C:\WINDOWS\SYSTEM32\profapi.dll
0x00007ffa4d3c0000 - 0x00007ffa4d3d2000 	C:\Program Files\Java\jdk-25\bin\net.dll
0x00007ffa655d0000 - 0x00007ffa6563c000 	C:\WINDOWS\system32\mswsock.dll
0x00007ffa2aff0000 - 0x00007ffa2b006000 	C:\Program Files\Java\jdk-25\bin\nio.dll
0x00007ffa293b0000 - 0x00007ffa293c7000 	C:\Program Files\Java\jdk-25\bin\zip.dll
0x00007ffa4dec0000 - 0x00007ffa4dee4000 	C:\Program Files\IntelliJ IDEA Community Edition 2025.2.2\plugins\maven\lib\maven3\lib\jansi-native\Windows\x86_64\jansi.dll
0x00007ffa4e130000 - 0x00007ffa4e140000 	C:\Program Files\Java\jdk-25\bin\verify.dll

JVMTI agents: none

dbghelp: loaded successfully - version: 4.0.5 - missing functions: none
symbol engine: initialized successfully - sym options: 0x614 - pdb path: .;C:\Program Files\Java\jdk-25\bin;C:\WINDOWS\SYSTEM32;C:\WINDOWS\WinSxS\amd64_microsoft.windows.common-controls_6595b64144ccf1df_6.0.26100.8457_none_3e0b2faee331e92d;C:\Program Files\Java\jdk-25\bin\server;C:\Program Files\IntelliJ IDEA Community Edition 2025.2.2\plugins\maven\lib\maven3\lib\jansi-native\Windows\x86_64

VM Arguments:
jvm_args: -Dclassworlds.conf=C:\Program Files\IntelliJ IDEA Community Edition 2025.2.2\plugins\maven\lib\maven3\bin\m2.conf -Dmaven.home=C:\Program Files\IntelliJ IDEA Community Edition 2025.2.2\plugins\maven\lib\maven3 -Dlibrary.jansi.path=C:\Program Files\IntelliJ IDEA Community Edition 2025.2.2\plugins\maven\lib\maven3\lib\jansi-native -Dmaven.multiModuleProjectDirectory=E:\диплом\app\armSimulator 
java_command: org.codehaus.plexus.classworlds.launcher.Launcher -Didea.version=2025.2.2 -Dmaven.ext.class.path=C:\Program Files\IntelliJ IDEA Community Edition 2025.2.2\plugins\maven\lib\maven-event-listener.jar -Djansi.passthrough=true -Dstyle.color=always -Dmaven.repo.local=C:\Users\markr\.m2\repository clean javafx:run
java_class_path (initial): C:\Program Files\IntelliJ IDEA Community Edition 2025.2.2\plugins\maven\lib\maven3\boot\plexus-classworlds-2.8.0.jar
Launcher Type: SUN_STANDARD

[Global flags]
     intx CICompilerCount                          = 4                                         {product} {ergonomic}
     uint ConcGCThreads                            = 3                                         {product} {ergonomic}
     uint G1ConcRefinementThreads                  = 10                                        {product} {ergonomic}
   size_t G1HeapRegionSize                         = 2097152                                   {product} {ergonomic}
   size_t InitialHeapSize                          = 257949696                                 {product} {ergonomic}
   size_t MarkStackSize                            = 4194304                                   {product} {ergonomic}
   size_t MarkStackSizeMax                         = 536870912                                 {product} {ergonomic}
   size_t MaxHeapSize                              = 4110417920                                {product} {ergonomic}
   size_t MaxNewSize                               = 2466250752                                {product} {ergonomic}
   size_t MinHeapDeltaBytes                        = 2097152                                   {product} {ergonomic}
   size_t MinHeapSize                              = 8388608                                   {product} {ergonomic}
    uintx NonNMethodCodeHeapSize                   = 5832704                                {pd product} {ergonomic}
    uintx NonProfiledCodeHeapSize                  = 122945536                              {pd product} {ergonomic}
    uintx ProfiledCodeHeapSize                     = 122880000                              {pd product} {ergonomic}
    uintx ReservedCodeCacheSize                    = 251658240                              {pd product} {ergonomic}
     bool SegmentedCodeCache                       = true                                      {product} {ergonomic}
   size_t SoftMaxHeapSize                          = 4110417920                             {manageable} {ergonomic}
     bool UseCompressedOops                        = true                           {product lp64_product} {ergonomic}
     bool UseG1GC                                  = true                                      {product} {ergonomic}
     bool UseLargePagesIndividualAllocation        = false                                  {pd product} {ergonomic}

Logging:
Log output configuration:
 #0: stdout all=warning uptime,level,tags foldmultilines=false
 #1: stderr all=off uptime,level,tags foldmultilines=false

Release file:
IMPLEMENTOR="Oracle Corporation" 
JAVA_RUNTIME_VERSION="25+37-LTS-3491" 
JAVA_VERSION="25" 
JAVA_VERSION_DATE="2025-09-16" 
LIBC="default" 
MODULES="java.base java.compiler java.datatransfer java.xml java.prefs java.desktop java.instrument java.logging java.management java.security.sasl java.naming java.rmi java.management.rmi java.net.http java.scripting java.security.jgss java.transaction.xa java.sql java.sql.rowset java.xml.crypto java.se java.smartcardio jdk.accessibility jdk.internal.jvmstat jdk.attach jdk.charsets jdk.internal.opt jdk.zipfs jdk.compiler jdk.crypto.cryptoki jdk.crypto.ec jdk.crypto.mscapi jdk.dynalink jdk.internal.ed jdk.editpad jdk.internal.vm.ci jdk.graal.compiler jdk.graal.compiler.management jdk.hotspot.agent jdk.httpserver jdk.incubator.vector jdk.internal.le jdk.internal.md jdk.jartool jdk.javadoc jdk.jcmd jdk.management jdk.management.agent jdk.jconsole jdk.jdeps jdk.jdwp.agent jdk.jdi jdk.jfr jdk.jlink jdk.jpackage jdk.jshell jdk.jsobject jdk.jstatd jdk.localedata jdk.management.jfr jdk.naming.dns jdk.naming.rmi jdk.net jdk.nio.mapmode jdk.sctp jdk.security.auth jdk.security.jgss jdk.unsupported jdk.unsupported.desktop jdk.xml.dom" 
OS_ARCH="x86_64" 
OS_NAME="Windows" 
SOURCE=".:git:49d6a23b8806 open:git:6c48f4ed707b" 

Environment Variables:
JAVA_HOME=C:\Program Files\Java\jdk-25
PATH=C:\Program Files\Common Files\Oracle\Java\javapath;C:\WINDOWS\system32;C:\WINDOWS;C:\WINDOWS\System32\Wbem;C:\WINDOWS\System32\WindowsPowerShell\v1.0\;C:\WINDOWS\System32\OpenSSH\;C:\Program Files\Git\cmd;C:\Users\markr\AppData\Local\Microsoft\WindowsApps;C:\Program Files\IntelliJ IDEA Community Edition 2025.2.2\bin;C:\Program Files\Apache\Maven\apache-maven-3.9.12\bin;
USERNAME=markr
OS=Windows_NT
PROCESSOR_IDENTIFIER=AMD64 Family 25 Model 68 Stepping 1, AuthenticAMD
TMP=C:\Users\markr\AppData\Local\Temp
TEMP=C:\Users\markr\AppData\Local\Temp




Compilation memory statistics disabled.

Periodic native trim disabled

---------------  S Y S T E M  ---------------

OS:
 Windows 11 , 64 bit Build 26100 (10.0.26100.8328)
OS uptime: 7 days 1:19 hours
Hyper-V role detected

CPU: total 12 (initial active 12) (12 cores per cpu, 2 threads per core) family 25 model 68 stepping 1 microcode 0xa40410a, cx8, cmov, fxsr, ht, mmx, 3dnowpref, sse, sse2, sse3, ssse3, sse4a, sse4.1, sse4.2, popcnt, lzcnt, tsc, tscinvbit, avx, avx2, aes, erms, clmul, bmi1, bmi2, adx, sha, fma, vzeroupper, clflush, clflushopt, clwb, hv, rdtscp, rdpid, fsrm, f16c, cet_ss
Processor Information for processor 0
  Max Mhz: 3301, Current Mhz: 3301, Mhz Limit: 3301
Processor Information for processor 1
  Max Mhz: 3301, Current Mhz: 3301, Mhz Limit: 3301
Processor Information for processor 2
  Max Mhz: 3301, Current Mhz: 2503, Mhz Limit: 3301
Processor Information for processor 3
  Max Mhz: 3301, Current Mhz: 2503, Mhz Limit: 3301
Processor Information for processor 4
  Max Mhz: 3301, Current Mhz: 2503, Mhz Limit: 3301
Processor Information for processor 5
  Max Mhz: 3301, Current Mhz: 2503, Mhz Limit: 3301
Processor Information for processor 6
  Max Mhz: 3301, Current Mhz: 2503, Mhz Limit: 3301
Processor Information for processor 7
  Max Mhz: 3301, Current Mhz: 3301, Mhz Limit: 3301
Processor Information for processor 8
  Max Mhz: 3301, Current Mhz: 2503, Mhz Limit: 3301
Processor Information for processor 9
  Max Mhz: 3301, Current Mhz: 2503, Mhz Limit: 3301
Processor Information for processor 10
  Max Mhz: 3301, Current Mhz: 2503, Mhz Limit: 3301
Processor Information for processor 11
  Max Mhz: 3301, Current Mhz: 2503, Mhz Limit: 3301

Memory: 4k page, system-wide physical 15676M (900M free)
TotalPageFile size 28079M (AvailPageFile size 19M)
current process WorkingSet (physical memory assigned to process): 66M, peak: 66M
current process commit charge ("private bytes"): 350M, peak: 350M

vm_info: Java HotSpot(TM) 64-Bit Server VM (25+37-LTS-3491) for windows-amd64 JRE (25+37-LTS-3491), built on 2025-08-14T21:13:00Z with unknown MS VC++:1943

END.
