#
# There is insufficient memory for the Java Runtime Environment to continue.
# Native memory allocation (malloc) failed to allocate 1070808 bytes. Error detail: Chunk::new
# Possible reasons:
#   The system is out of physical RAM or swap space
#   This process is running with CompressedOops enabled, and the Java Heap may be blocking the growth of the native heap
# Possible solutions:
#   Reduce memory load on the system
#   Increase physical memory or swap space
#   Check if swap backing store is full
#   Decrease Java heap size (-Xmx/-Xms)
#   Decrease number of Java threads
#   Decrease Java thread stack sizes (-Xss)
#   Set larger code cache with -XX:ReservedCodeCacheSize=
#   JVM is running with Zero Based Compressed Oops mode in which the Java heap is
#     placed in the first 32GB address space. The Java Heap base address is the
#     maximum limit for the native heap growth. Please use -XX:HeapBaseMinAddress
#     to set the Java Heap base and to place the Java Heap above 32GB virtual address.
# This output file may be truncated or incomplete.
#
#  Out of Memory Error (arena.cpp:186), pid=157792, tid=157860
#
# JRE version: Java(TM) SE Runtime Environment (25.0+37) (build 25+37-LTS-3491)
# Java VM: Java HotSpot(TM) 64-Bit Server VM (25+37-LTS-3491, mixed mode, sharing, tiered, compressed oops, compressed class ptrs, g1 gc, windows-amd64)
# No core dump will be written. Minidumps are not enabled by default on client versions of Windows
#

---------------  S U M M A R Y ------------

Command Line: --module-path=C:\Users\markr\.m2\repository\org\openjfx\javafx-base\20.0.2\javafx-base-20.0.2-win.jar;C:\Users\markr\.m2\repository\org\openjfx\javafx-base\20.0.2\javafx-base-20.0.2.jar;C:\Users\markr\.m2\repository\org\openjfx\javafx-controls\20.0.2\javafx-controls-20.0.2-win.jar;C:\Users\markr\.m2\repository\org\openjfx\javafx-controls\20.0.2\javafx-controls-20.0.2.jar;C:\Users\markr\.m2\repository\org\openjfx\javafx-fxml\20.0.2\javafx-fxml-20.0.2-win.jar;C:\Users\markr\.m2\repository\org\openjfx\javafx-fxml\20.0.2\javafx-fxml-20.0.2.jar;C:\Users\markr\.m2\repository\org\openjfx\javafx-graphics\20.0.2\javafx-graphics-20.0.2-win.jar;C:\Users\markr\.m2\repository\org\openjfx\javafx-graphics\20.0.2\javafx-graphics-20.0.2.jar --add-modules=javafx.base,javafx.controls,javafx.fxml,javafx.graphics org.example.Main

Host: AMD Ryzen 5 6600H with Radeon Graphics         , 12 cores, 15G,  Windows 11 , 64 bit Build 26100 (10.0.26100.8328)
Time: Fri May 29 12:28:23 2026 elapsed time: 4.496174 seconds (0d 0h 0m 4s)

---------------  T H R E A D  ---------------

Current thread (0x00000206ffc61180):  JavaThread "C2 CompilerThread0" daemon [_thread_in_native, id=157860, stack(0x000000c0c9c00000,0x000000c0c9d00000) (1024K)]


Current CompileTask:
C2:4496  779       4       java.lang.String::startsWith (123 bytes)

Stack: [0x000000c0c9c00000,0x000000c0c9d00000]
Native frames: (J=compiled Java code, j=interpreted, Vv=VM code, C=native code)
V  [jvm.dll+0x7a6a39]  (no source info available)
V  [jvm.dll+0x7727ed]  (no source info available)
V  [jvm.dll+0x965f33]  (no source info available)
V  [jvm.dll+0x968531]  (no source info available)
V  [jvm.dll+0x968c33]  (no source info available)
V  [jvm.dll+0x2fc756]  (no source info available)
V  [jvm.dll+0x111b26]  (no source info available)
V  [jvm.dll+0x111e4e]  (no source info available)
V  [jvm.dll+0x1a0a22]  (no source info available)
V  [jvm.dll+0x3b53c2]  (no source info available)
V  [jvm.dll+0x7ac3cf]  (no source info available)
V  [jvm.dll+0x2c0ac7]  (no source info available)
V  [jvm.dll+0x2bfa8f]  (no source info available)
V  [jvm.dll+0x237b60]  (no source info available)
V  [jvm.dll+0x2cfb56]  (no source info available)
V  [jvm.dll+0x2cddd5]  (no source info available)
V  [jvm.dll+0x48e671]  (no source info available)
V  [jvm.dll+0x90681d]  (no source info available)
V  [jvm.dll+0x7a5015]  (no source info available)
C  [ucrtbase.dll+0x37b0]  (no source info available)
C  [KERNEL32.DLL+0x2e957]  (no source info available)
C  [ntdll.dll+0x427c]  (no source info available)

Lock stack of current Java thread (top to bottom):


---------------  P R O C E S S  ---------------

Threads class SMR info:
_java_thread_list=0x00000206a2141bd0, length=11, elements={
0x00000206fb8a4050, 0x00000206ffc30920, 0x00000206ffc31380, 0x00000206ffc33320,
0x00000206ffc36a80, 0x00000206ffc39bf0, 0x00000206ffc5c670, 0x00000206ffc61180,
0x00000206ffc639a0, 0x000002069d5b49e0, 0x00000206a2127cd0
}

Java Threads: ( => current thread )
  0x00000206fb8a4050 JavaThread "main"                              [_thread_in_native, id=155064, stack(0x000000c0c8e00000,0x000000c0c8f00000) (1024K)]
  0x00000206ffc30920 JavaThread "Reference Handler"          daemon [_thread_blocked, id=159276, stack(0x000000c0c9600000,0x000000c0c9700000) (1024K)]
  0x00000206ffc31380 JavaThread "Finalizer"                  daemon [_thread_blocked, id=126860, stack(0x000000c0c9700000,0x000000c0c9800000) (1024K)]
  0x00000206ffc33320 JavaThread "Signal Dispatcher"          daemon [_thread_blocked, id=160184, stack(0x000000c0c9800000,0x000000c0c9900000) (1024K)]
  0x00000206ffc36a80 JavaThread "Attach Listener"            daemon [_thread_blocked, id=162620, stack(0x000000c0c9900000,0x000000c0c9a00000) (1024K)]
  0x00000206ffc39bf0 JavaThread "Service Thread"             daemon [_thread_blocked, id=155304, stack(0x000000c0c9a00000,0x000000c0c9b00000) (1024K)]
  0x00000206ffc5c670 JavaThread "Monitor Deflation Thread"   daemon [_thread_blocked, id=141744, stack(0x000000c0c9b00000,0x000000c0c9c00000) (1024K)]
=>0x00000206ffc61180 JavaThread "C2 CompilerThread0"         daemon [_thread_in_native, id=157860, stack(0x000000c0c9c00000,0x000000c0c9d00000) (1024K)]
  0x00000206ffc639a0 JavaThread "C1 CompilerThread0"         daemon [_thread_blocked, id=148056, stack(0x000000c0c9d00000,0x000000c0c9e00000) (1024K)]
  0x000002069d5b49e0 JavaThread "Common-Cleaner"             daemon [_thread_blocked, id=160540, stack(0x000000c0c9e00000,0x000000c0c9f00000) (1024K)]
  0x00000206a2127cd0 JavaThread "Notification Thread"        daemon [_thread_blocked, id=163024, stack(0x000000c0ca100000,0x000000c0ca200000) (1024K)]
Total: 11

Other Threads:
  0x00000206ffc1ed20 VMThread "VM Thread"                           [id=19996, stack(0x000000c0c9500000,0x000000c0c9600000) (1024K)]
  0x00000206ffc0c430 WatcherThread "VM Periodic Task Thread"        [id=162916, stack(0x000000c0c9400000,0x000000c0c9500000) (1024K)]
  0x00000206fdd35fd0 WorkerThread "GC Thread#0"                     [id=165628, stack(0x000000c0c8f00000,0x000000c0c9000000) (1024K)]
  0x00000206fdd4de20 ConcurrentGCThread "G1 Main Marker"            [id=157384, stack(0x000000c0c9000000,0x000000c0c9100000) (1024K)]
  0x00000206fdd4f6b0 WorkerThread "G1 Conc#0"                       [id=157664, stack(0x000000c0c9100000,0x000000c0c9200000) (1024K)]
  0x00000206ffaddd30 ConcurrentGCThread "G1 Refine#0"               [id=159832, stack(0x000000c0c9200000,0x000000c0c9300000) (1024K)]
  0x00000206ffade740 ConcurrentGCThread "G1 Service"                [id=112248, stack(0x000000c0c9300000,0x000000c0c9400000) (1024K)]
Total: 7

Threads with active compile tasks:
C2 CompilerThread0  5579  779       4       java.lang.String::startsWith (123 bytes)
Total: 1

VM state: not at safepoint (normal execution)

VM Mutex/Monitor currently owned by a thread: None

Heap address: 0x000000070b000000, size: 3920 MB, Compressed Oops mode: Zero based, Oop shift amount: 3

CDS archive(s) mapped at: [0x0000000018000000-0x0000000018dd0000-0x0000000018dd0000), size 14483456, SharedBaseAddress: 0x0000000018000000, ArchiveRelocationMode: 1.
Compressed class space mapped at: 0x0000000019000000-0x0000000059000000, reserved size: 1073741824
UseCompressedClassPointers 1, UseCompactObjectHeaders 0
Narrow klass pointer bits 32, Max shift 3
Narrow klass base: 0x0000000018000000, Narrow klass shift: 0
Encoding Range: [0x0000000018000000 - 0x0000000118000000), (4294967296 bytes)
Klass Range:    [0x0000000018010000 - 0x0000000059000000), (1090453504 bytes)
Klass ID Range:  [65536 - 1090519033) (1090453497)
Protection zone: [0x0000000018000000 - 0x0000000018010000), (65536 bytes)

GC Precious Log:
 CardTable entry size: 512
 Card Set container configuration: InlinePtr #cards 4 size 8 Array Of Cards #cards 16 size 48 Howl #buckets 8 coarsen threshold 3686 Howl Bitmap #cards 512 size 80 coarsen threshold 460 Card regions per heap region 1 cards per card region 4096
 CPUs: 12 total, 12 available
 Memory: 15676M
 Large Page Support: Disabled
 NUMA Support: Disabled
 Compressed Oops: Enabled (Zero based)
 Heap Region Size: 2M
 Heap Min Capacity: 8M
 Heap Initial Capacity: 246M
 Heap Max Capacity: 3920M
 Pre-touch: Disabled
 Parallel Workers: 10
 Concurrent Workers: 3
 Concurrent Refinement Workers: 10
 Periodic GC: Disabled

Heap:
 garbage-first heap   total reserved 4014080K, committed 253952K, used 11413K [0x000000070b000000, 0x0000000800000000)
  region size 2048K, 7 young (14336K), 0 survivors (0K)

Heap Regions: E=young(eden), S=young(survivor), O=old, HS=humongous(starts), HC=humongous(continues), CS=collection set, F=free, TAMS=top-at-mark-start, PB=parsable bottom
|   0|0x000000070b000000, 0x000000070b000000, 0x000000070b200000|  0%| F|  |TAMS 0x000000070b000000| PB 0x000000070b000000| Untracked |  0
|   1|0x000000070b200000, 0x000000070b200000, 0x000000070b400000|  0%| F|  |TAMS 0x000000070b200000| PB 0x000000070b200000| Untracked |  0
|   2|0x000000070b400000, 0x000000070b400000, 0x000000070b600000|  0%| F|  |TAMS 0x000000070b400000| PB 0x000000070b400000| Untracked |  0
|   3|0x000000070b600000, 0x000000070b600000, 0x000000070b800000|  0%| F|  |TAMS 0x000000070b600000| PB 0x000000070b600000| Untracked |  0
|   4|0x000000070b800000, 0x000000070b800000, 0x000000070ba00000|  0%| F|  |TAMS 0x000000070b800000| PB 0x000000070b800000| Untracked |  0
|   5|0x000000070ba00000, 0x000000070ba00000, 0x000000070bc00000|  0%| F|  |TAMS 0x000000070ba00000| PB 0x000000070ba00000| Untracked |  0
|   6|0x000000070bc00000, 0x000000070bc00000, 0x000000070be00000|  0%| F|  |TAMS 0x000000070bc00000| PB 0x000000070bc00000| Untracked |  0
|   7|0x000000070be00000, 0x000000070be00000, 0x000000070c000000|  0%| F|  |TAMS 0x000000070be00000| PB 0x000000070be00000| Untracked |  0
|   8|0x000000070c000000, 0x000000070c000000, 0x000000070c200000|  0%| F|  |TAMS 0x000000070c000000| PB 0x000000070c000000| Untracked |  0
|   9|0x000000070c200000, 0x000000070c200000, 0x000000070c400000|  0%| F|  |TAMS 0x000000070c200000| PB 0x000000070c200000| Untracked |  0
|  10|0x000000070c400000, 0x000000070c400000, 0x000000070c600000|  0%| F|  |TAMS 0x000000070c400000| PB 0x000000070c400000| Untracked |  0
|  11|0x000000070c600000, 0x000000070c600000, 0x000000070c800000|  0%| F|  |TAMS 0x000000070c600000| PB 0x000000070c600000| Untracked |  0
|  12|0x000000070c800000, 0x000000070c800000, 0x000000070ca00000|  0%| F|  |TAMS 0x000000070c800000| PB 0x000000070c800000| Untracked |  0
|  13|0x000000070ca00000, 0x000000070ca00000, 0x000000070cc00000|  0%| F|  |TAMS 0x000000070ca00000| PB 0x000000070ca00000| Untracked |  0
|  14|0x000000070cc00000, 0x000000070cc00000, 0x000000070ce00000|  0%| F|  |TAMS 0x000000070cc00000| PB 0x000000070cc00000| Untracked |  0
|  15|0x000000070ce00000, 0x000000070ce00000, 0x000000070d000000|  0%| F|  |TAMS 0x000000070ce00000| PB 0x000000070ce00000| Untracked |  0
|  16|0x000000070d000000, 0x000000070d000000, 0x000000070d200000|  0%| F|  |TAMS 0x000000070d000000| PB 0x000000070d000000| Untracked |  0
|  17|0x000000070d200000, 0x000000070d200000, 0x000000070d400000|  0%| F|  |TAMS 0x000000070d200000| PB 0x000000070d200000| Untracked |  0
|  18|0x000000070d400000, 0x000000070d400000, 0x000000070d600000|  0%| F|  |TAMS 0x000000070d400000| PB 0x000000070d400000| Untracked |  0
|  19|0x000000070d600000, 0x000000070d600000, 0x000000070d800000|  0%| F|  |TAMS 0x000000070d600000| PB 0x000000070d600000| Untracked |  0
|  20|0x000000070d800000, 0x000000070d800000, 0x000000070da00000|  0%| F|  |TAMS 0x000000070d800000| PB 0x000000070d800000| Untracked |  0
|  21|0x000000070da00000, 0x000000070da00000, 0x000000070dc00000|  0%| F|  |TAMS 0x000000070da00000| PB 0x000000070da00000| Untracked |  0
|  22|0x000000070dc00000, 0x000000070dc00000, 0x000000070de00000|  0%| F|  |TAMS 0x000000070dc00000| PB 0x000000070dc00000| Untracked |  0
|  23|0x000000070de00000, 0x000000070de00000, 0x000000070e000000|  0%| F|  |TAMS 0x000000070de00000| PB 0x000000070de00000| Untracked |  0
|  24|0x000000070e000000, 0x000000070e000000, 0x000000070e200000|  0%| F|  |TAMS 0x000000070e000000| PB 0x000000070e000000| Untracked |  0
|  25|0x000000070e200000, 0x000000070e200000, 0x000000070e400000|  0%| F|  |TAMS 0x000000070e200000| PB 0x000000070e200000| Untracked |  0
|  26|0x000000070e400000, 0x000000070e400000, 0x000000070e600000|  0%| F|  |TAMS 0x000000070e400000| PB 0x000000070e400000| Untracked |  0
|  27|0x000000070e600000, 0x000000070e600000, 0x000000070e800000|  0%| F|  |TAMS 0x000000070e600000| PB 0x000000070e600000| Untracked |  0
|  28|0x000000070e800000, 0x000000070e800000, 0x000000070ea00000|  0%| F|  |TAMS 0x000000070e800000| PB 0x000000070e800000| Untracked |  0
|  29|0x000000070ea00000, 0x000000070ea00000, 0x000000070ec00000|  0%| F|  |TAMS 0x000000070ea00000| PB 0x000000070ea00000| Untracked |  0
|  30|0x000000070ec00000, 0x000000070ec00000, 0x000000070ee00000|  0%| F|  |TAMS 0x000000070ec00000| PB 0x000000070ec00000| Untracked |  0
|  31|0x000000070ee00000, 0x000000070ee00000, 0x000000070f000000|  0%| F|  |TAMS 0x000000070ee00000| PB 0x000000070ee00000| Untracked |  0
|  32|0x000000070f000000, 0x000000070f000000, 0x000000070f200000|  0%| F|  |TAMS 0x000000070f000000| PB 0x000000070f000000| Untracked |  0
|  33|0x000000070f200000, 0x000000070f200000, 0x000000070f400000|  0%| F|  |TAMS 0x000000070f200000| PB 0x000000070f200000| Untracked |  0
|  34|0x000000070f400000, 0x000000070f400000, 0x000000070f600000|  0%| F|  |TAMS 0x000000070f400000| PB 0x000000070f400000| Untracked |  0
|  35|0x000000070f600000, 0x000000070f600000, 0x000000070f800000|  0%| F|  |TAMS 0x000000070f600000| PB 0x000000070f600000| Untracked |  0
|  36|0x000000070f800000, 0x000000070f800000, 0x000000070fa00000|  0%| F|  |TAMS 0x000000070f800000| PB 0x000000070f800000| Untracked |  0
|  37|0x000000070fa00000, 0x000000070fa00000, 0x000000070fc00000|  0%| F|  |TAMS 0x000000070fa00000| PB 0x000000070fa00000| Untracked |  0
|  38|0x000000070fc00000, 0x000000070fc00000, 0x000000070fe00000|  0%| F|  |TAMS 0x000000070fc00000| PB 0x000000070fc00000| Untracked |  0
|  39|0x000000070fe00000, 0x000000070fe00000, 0x0000000710000000|  0%| F|  |TAMS 0x000000070fe00000| PB 0x000000070fe00000| Untracked |  0
|  40|0x0000000710000000, 0x0000000710000000, 0x0000000710200000|  0%| F|  |TAMS 0x0000000710000000| PB 0x0000000710000000| Untracked |  0
|  41|0x0000000710200000, 0x0000000710200000, 0x0000000710400000|  0%| F|  |TAMS 0x0000000710200000| PB 0x0000000710200000| Untracked |  0
|  42|0x0000000710400000, 0x0000000710400000, 0x0000000710600000|  0%| F|  |TAMS 0x0000000710400000| PB 0x0000000710400000| Untracked |  0
|  43|0x0000000710600000, 0x0000000710600000, 0x0000000710800000|  0%| F|  |TAMS 0x0000000710600000| PB 0x0000000710600000| Untracked |  0
|  44|0x0000000710800000, 0x0000000710800000, 0x0000000710a00000|  0%| F|  |TAMS 0x0000000710800000| PB 0x0000000710800000| Untracked |  0
|  45|0x0000000710a00000, 0x0000000710a00000, 0x0000000710c00000|  0%| F|  |TAMS 0x0000000710a00000| PB 0x0000000710a00000| Untracked |  0
|  46|0x0000000710c00000, 0x0000000710c00000, 0x0000000710e00000|  0%| F|  |TAMS 0x0000000710c00000| PB 0x0000000710c00000| Untracked |  0
|  47|0x0000000710e00000, 0x0000000710e00000, 0x0000000711000000|  0%| F|  |TAMS 0x0000000710e00000| PB 0x0000000710e00000| Untracked |  0
|  48|0x0000000711000000, 0x0000000711000000, 0x0000000711200000|  0%| F|  |TAMS 0x0000000711000000| PB 0x0000000711000000| Untracked |  0
|  49|0x0000000711200000, 0x0000000711200000, 0x0000000711400000|  0%| F|  |TAMS 0x0000000711200000| PB 0x0000000711200000| Untracked |  0
|  50|0x0000000711400000, 0x0000000711400000, 0x0000000711600000|  0%| F|  |TAMS 0x0000000711400000| PB 0x0000000711400000| Untracked |  0
|  51|0x0000000711600000, 0x0000000711600000, 0x0000000711800000|  0%| F|  |TAMS 0x0000000711600000| PB 0x0000000711600000| Untracked |  0
|  52|0x0000000711800000, 0x0000000711800000, 0x0000000711a00000|  0%| F|  |TAMS 0x0000000711800000| PB 0x0000000711800000| Untracked |  0
|  53|0x0000000711a00000, 0x0000000711a00000, 0x0000000711c00000|  0%| F|  |TAMS 0x0000000711a00000| PB 0x0000000711a00000| Untracked |  0
|  54|0x0000000711c00000, 0x0000000711c00000, 0x0000000711e00000|  0%| F|  |TAMS 0x0000000711c00000| PB 0x0000000711c00000| Untracked |  0
|  55|0x0000000711e00000, 0x0000000711e00000, 0x0000000712000000|  0%| F|  |TAMS 0x0000000711e00000| PB 0x0000000711e00000| Untracked |  0
|  56|0x0000000712000000, 0x0000000712000000, 0x0000000712200000|  0%| F|  |TAMS 0x0000000712000000| PB 0x0000000712000000| Untracked |  0
|  57|0x0000000712200000, 0x0000000712200000, 0x0000000712400000|  0%| F|  |TAMS 0x0000000712200000| PB 0x0000000712200000| Untracked |  0
|  58|0x0000000712400000, 0x0000000712400000, 0x0000000712600000|  0%| F|  |TAMS 0x0000000712400000| PB 0x0000000712400000| Untracked |  0
|  59|0x0000000712600000, 0x0000000712600000, 0x0000000712800000|  0%| F|  |TAMS 0x0000000712600000| PB 0x0000000712600000| Untracked |  0
|  60|0x0000000712800000, 0x0000000712800000, 0x0000000712a00000|  0%| F|  |TAMS 0x0000000712800000| PB 0x0000000712800000| Untracked |  0
|  61|0x0000000712a00000, 0x0000000712a00000, 0x0000000712c00000|  0%| F|  |TAMS 0x0000000712a00000| PB 0x0000000712a00000| Untracked |  0
|  62|0x0000000712c00000, 0x0000000712c00000, 0x0000000712e00000|  0%| F|  |TAMS 0x0000000712c00000| PB 0x0000000712c00000| Untracked |  0
|  63|0x0000000712e00000, 0x0000000712e00000, 0x0000000713000000|  0%| F|  |TAMS 0x0000000712e00000| PB 0x0000000712e00000| Untracked |  0
|  64|0x0000000713000000, 0x0000000713000000, 0x0000000713200000|  0%| F|  |TAMS 0x0000000713000000| PB 0x0000000713000000| Untracked |  0
|  65|0x0000000713200000, 0x0000000713200000, 0x0000000713400000|  0%| F|  |TAMS 0x0000000713200000| PB 0x0000000713200000| Untracked |  0
|  66|0x0000000713400000, 0x0000000713400000, 0x0000000713600000|  0%| F|  |TAMS 0x0000000713400000| PB 0x0000000713400000| Untracked |  0
|  67|0x0000000713600000, 0x0000000713600000, 0x0000000713800000|  0%| F|  |TAMS 0x0000000713600000| PB 0x0000000713600000| Untracked |  0
|  68|0x0000000713800000, 0x0000000713800000, 0x0000000713a00000|  0%| F|  |TAMS 0x0000000713800000| PB 0x0000000713800000| Untracked |  0
|  69|0x0000000713a00000, 0x0000000713a00000, 0x0000000713c00000|  0%| F|  |TAMS 0x0000000713a00000| PB 0x0000000713a00000| Untracked |  0
|  70|0x0000000713c00000, 0x0000000713c00000, 0x0000000713e00000|  0%| F|  |TAMS 0x0000000713c00000| PB 0x0000000713c00000| Untracked |  0
|  71|0x0000000713e00000, 0x0000000713e00000, 0x0000000714000000|  0%| F|  |TAMS 0x0000000713e00000| PB 0x0000000713e00000| Untracked |  0
|  72|0x0000000714000000, 0x0000000714000000, 0x0000000714200000|  0%| F|  |TAMS 0x0000000714000000| PB 0x0000000714000000| Untracked |  0
|  73|0x0000000714200000, 0x0000000714200000, 0x0000000714400000|  0%| F|  |TAMS 0x0000000714200000| PB 0x0000000714200000| Untracked |  0
|  74|0x0000000714400000, 0x0000000714400000, 0x0000000714600000|  0%| F|  |TAMS 0x0000000714400000| PB 0x0000000714400000| Untracked |  0
|  75|0x0000000714600000, 0x0000000714600000, 0x0000000714800000|  0%| F|  |TAMS 0x0000000714600000| PB 0x0000000714600000| Untracked |  0
|  76|0x0000000714800000, 0x0000000714800000, 0x0000000714a00000|  0%| F|  |TAMS 0x0000000714800000| PB 0x0000000714800000| Untracked |  0
|  77|0x0000000714a00000, 0x0000000714a00000, 0x0000000714c00000|  0%| F|  |TAMS 0x0000000714a00000| PB 0x0000000714a00000| Untracked |  0
|  78|0x0000000714c00000, 0x0000000714c00000, 0x0000000714e00000|  0%| F|  |TAMS 0x0000000714c00000| PB 0x0000000714c00000| Untracked |  0
|  79|0x0000000714e00000, 0x0000000714e00000, 0x0000000715000000|  0%| F|  |TAMS 0x0000000714e00000| PB 0x0000000714e00000| Untracked |  0
|  80|0x0000000715000000, 0x0000000715000000, 0x0000000715200000|  0%| F|  |TAMS 0x0000000715000000| PB 0x0000000715000000| Untracked |  0
|  81|0x0000000715200000, 0x0000000715200000, 0x0000000715400000|  0%| F|  |TAMS 0x0000000715200000| PB 0x0000000715200000| Untracked |  0
|  82|0x0000000715400000, 0x0000000715400000, 0x0000000715600000|  0%| F|  |TAMS 0x0000000715400000| PB 0x0000000715400000| Untracked |  0
|  83|0x0000000715600000, 0x0000000715600000, 0x0000000715800000|  0%| F|  |TAMS 0x0000000715600000| PB 0x0000000715600000| Untracked |  0
|  84|0x0000000715800000, 0x0000000715800000, 0x0000000715a00000|  0%| F|  |TAMS 0x0000000715800000| PB 0x0000000715800000| Untracked |  0
|  85|0x0000000715a00000, 0x0000000715a00000, 0x0000000715c00000|  0%| F|  |TAMS 0x0000000715a00000| PB 0x0000000715a00000| Untracked |  0
|  86|0x0000000715c00000, 0x0000000715c00000, 0x0000000715e00000|  0%| F|  |TAMS 0x0000000715c00000| PB 0x0000000715c00000| Untracked |  0
|  87|0x0000000715e00000, 0x0000000715e00000, 0x0000000716000000|  0%| F|  |TAMS 0x0000000715e00000| PB 0x0000000715e00000| Untracked |  0
|  88|0x0000000716000000, 0x0000000716000000, 0x0000000716200000|  0%| F|  |TAMS 0x0000000716000000| PB 0x0000000716000000| Untracked |  0
|  89|0x0000000716200000, 0x0000000716200000, 0x0000000716400000|  0%| F|  |TAMS 0x0000000716200000| PB 0x0000000716200000| Untracked |  0
|  90|0x0000000716400000, 0x0000000716400000, 0x0000000716600000|  0%| F|  |TAMS 0x0000000716400000| PB 0x0000000716400000| Untracked |  0
|  91|0x0000000716600000, 0x0000000716600000, 0x0000000716800000|  0%| F|  |TAMS 0x0000000716600000| PB 0x0000000716600000| Untracked |  0
|  92|0x0000000716800000, 0x0000000716800000, 0x0000000716a00000|  0%| F|  |TAMS 0x0000000716800000| PB 0x0000000716800000| Untracked |  0
|  93|0x0000000716a00000, 0x0000000716a00000, 0x0000000716c00000|  0%| F|  |TAMS 0x0000000716a00000| PB 0x0000000716a00000| Untracked |  0
|  94|0x0000000716c00000, 0x0000000716c00000, 0x0000000716e00000|  0%| F|  |TAMS 0x0000000716c00000| PB 0x0000000716c00000| Untracked |  0
|  95|0x0000000716e00000, 0x0000000716e00000, 0x0000000717000000|  0%| F|  |TAMS 0x0000000716e00000| PB 0x0000000716e00000| Untracked |  0
|  96|0x0000000717000000, 0x0000000717000000, 0x0000000717200000|  0%| F|  |TAMS 0x0000000717000000| PB 0x0000000717000000| Untracked |  0
|  97|0x0000000717200000, 0x0000000717200000, 0x0000000717400000|  0%| F|  |TAMS 0x0000000717200000| PB 0x0000000717200000| Untracked |  0
|  98|0x0000000717400000, 0x0000000717400000, 0x0000000717600000|  0%| F|  |TAMS 0x0000000717400000| PB 0x0000000717400000| Untracked |  0
|  99|0x0000000717600000, 0x0000000717600000, 0x0000000717800000|  0%| F|  |TAMS 0x0000000717600000| PB 0x0000000717600000| Untracked |  0
| 100|0x0000000717800000, 0x0000000717800000, 0x0000000717a00000|  0%| F|  |TAMS 0x0000000717800000| PB 0x0000000717800000| Untracked |  0
| 101|0x0000000717a00000, 0x0000000717a00000, 0x0000000717c00000|  0%| F|  |TAMS 0x0000000717a00000| PB 0x0000000717a00000| Untracked |  0
| 102|0x0000000717c00000, 0x0000000717c00000, 0x0000000717e00000|  0%| F|  |TAMS 0x0000000717c00000| PB 0x0000000717c00000| Untracked |  0
| 103|0x0000000717e00000, 0x0000000717e00000, 0x0000000718000000|  0%| F|  |TAMS 0x0000000717e00000| PB 0x0000000717e00000| Untracked |  0
| 104|0x0000000718000000, 0x0000000718000000, 0x0000000718200000|  0%| F|  |TAMS 0x0000000718000000| PB 0x0000000718000000| Untracked |  0
| 105|0x0000000718200000, 0x0000000718200000, 0x0000000718400000|  0%| F|  |TAMS 0x0000000718200000| PB 0x0000000718200000| Untracked |  0
| 106|0x0000000718400000, 0x0000000718400000, 0x0000000718600000|  0%| F|  |TAMS 0x0000000718400000| PB 0x0000000718400000| Untracked |  0
| 107|0x0000000718600000, 0x0000000718600000, 0x0000000718800000|  0%| F|  |TAMS 0x0000000718600000| PB 0x0000000718600000| Untracked |  0
| 108|0x0000000718800000, 0x0000000718800000, 0x0000000718a00000|  0%| F|  |TAMS 0x0000000718800000| PB 0x0000000718800000| Untracked |  0
| 109|0x0000000718a00000, 0x0000000718a00000, 0x0000000718c00000|  0%| F|  |TAMS 0x0000000718a00000| PB 0x0000000718a00000| Untracked |  0
| 110|0x0000000718c00000, 0x0000000718c00000, 0x0000000718e00000|  0%| F|  |TAMS 0x0000000718c00000| PB 0x0000000718c00000| Untracked |  0
| 111|0x0000000718e00000, 0x0000000718e00000, 0x0000000719000000|  0%| F|  |TAMS 0x0000000718e00000| PB 0x0000000718e00000| Untracked |  0
| 112|0x0000000719000000, 0x0000000719000000, 0x0000000719200000|  0%| F|  |TAMS 0x0000000719000000| PB 0x0000000719000000| Untracked |  0
| 113|0x0000000719200000, 0x0000000719200000, 0x0000000719400000|  0%| F|  |TAMS 0x0000000719200000| PB 0x0000000719200000| Untracked |  0
| 114|0x0000000719400000, 0x0000000719400000, 0x0000000719600000|  0%| F|  |TAMS 0x0000000719400000| PB 0x0000000719400000| Untracked |  0
| 115|0x0000000719600000, 0x0000000719600000, 0x0000000719800000|  0%| F|  |TAMS 0x0000000719600000| PB 0x0000000719600000| Untracked |  0
| 116|0x0000000719800000, 0x00000007198f8258, 0x0000000719a00000| 48%| E|  |TAMS 0x0000000719800000| PB 0x0000000719800000| Complete |  0
| 117|0x0000000719a00000, 0x0000000719c00000, 0x0000000719c00000|100%| E|CS|TAMS 0x0000000719a00000| PB 0x0000000719a00000| Complete |  0
| 118|0x0000000719c00000, 0x0000000719e00000, 0x0000000719e00000|100%| E|CS|TAMS 0x0000000719c00000| PB 0x0000000719c00000| Complete |  0
| 119|0x0000000719e00000, 0x000000071a000000, 0x000000071a000000|100%| E|CS|TAMS 0x0000000719e00000| PB 0x0000000719e00000| Complete |  0
| 120|0x000000071a000000, 0x000000071a200000, 0x000000071a200000|100%| E|CS|TAMS 0x000000071a000000| PB 0x000000071a000000| Complete |  0
| 121|0x000000071a200000, 0x000000071a400000, 0x000000071a400000|100%| E|  |TAMS 0x000000071a200000| PB 0x000000071a200000| Complete |  0
| 122|0x000000071a400000, 0x000000071a600000, 0x000000071a600000|100%| E|CS|TAMS 0x000000071a400000| PB 0x000000071a400000| Complete |  0
|1959|0x00000007ffe00000, 0x00000007fff25608, 0x0000000800000000| 57%| O|  |TAMS 0x00000007ffe00000| PB 0x00000007ffe00000| Untracked |  0

Card table byte_map: [0x00000206fea90000,0x00000206ff240000] _byte_map_base: 0x00000206fb238000

Marking Bits: (CMBitMap*) 0x00000206fdd36560
 Bits: [0x00000206977c0000, 0x000002069b500000)

Polling page: 0x00000206fb850000

Metaspace:
Metaspace        used 1804K, committed 1984K, reserved 1114112K
 class space     used 116K, committed 192K, reserved 1048576K

Usage:
  Non-class:      1.65 MB used.
      Class:    116.14 KB used.
       Both:      1.76 MB used.

Virtual space:
  Non-class space:       64.00 MB reserved,       1.75 MB (  3%) committed,  1 nodes.
      Class space:        1.00 GB reserved,     192.00 KB ( <1%) committed,  1 nodes.
             Both:        1.06 GB reserved,       1.94 MB ( <1%) committed. 

Chunk freelists:
   Non-Class:  11.54 MB
       Class:  15.70 MB
        Both:  27.24 MB

MaxMetaspaceSize: unlimited
CompressedClassSpaceSize: 1.00 GB
Initial GC threshold: 21.00 MB
Current GC threshold: 21.00 MB
CDS: on
 - commit_granule_bytes: 65536.
 - commit_granule_words: 8192.
 - virtual_space_node_default_size: 8388608.
 - enlarge_chunks_in_place: 1.
UseCompressedClassPointers 1, UseCompactObjectHeaders 0
Narrow klass pointer bits 32, Max shift 3
Narrow klass base: 0x0000000018000000, Narrow klass shift: 0
Encoding Range: [0x0000000018000000 - 0x0000000118000000), (4294967296 bytes)
Klass Range:    [0x0000000018010000 - 0x0000000059000000), (1090453504 bytes)
Klass ID Range:  [65536 - 1090519033) (1090453497)
Protection zone: [0x0000000018000000 - 0x0000000018010000), (65536 bytes)


Internal statistics:

num_allocs_failed_limit: 0.
num_arena_births: 36.
num_arena_deaths: 0.
num_vsnodes_births: 2.
num_vsnodes_deaths: 0.
num_space_committed: 31.
num_space_uncommitted: 0.
num_chunks_returned_to_freelist: 0.
num_chunks_taken_from_freelist: 62.
num_chunk_merges: 0.
num_chunk_splits: 45.
num_chunks_enlarged: 29.
num_inconsistent_stats: 0.

CodeHeap 'non-profiled nmethods': size=120064Kb used=233Kb max_used=233Kb free=119830Kb
 bounds [0x0000020690280000, 0x00000206904f0000, 0x00000206977c0000]
CodeHeap 'profiled nmethods': size=120000Kb used=936Kb max_used=936Kb free=119063Kb
 bounds [0x00000206887c0000, 0x0000020688a30000, 0x000002068fcf0000]
CodeHeap 'non-nmethods': size=5696Kb used=1330Kb max_used=1350Kb free=4365Kb
 bounds [0x000002068fcf0000, 0x000002068ff60000, 0x0000020690280000]
CodeCache: size=245760Kb, used=2499Kb, max_used=2519Kb, free=243258Kb
 total_blobs=1237, nmethods=785, adapters=355, full_count=0
Compilation: enabled, stopped_count=0, restarted_count=0

Compilation events (20 events):
Event: 3.460 Thread 0x00000206ffc639a0 nmethod 771 0x00000206888a5408 code [0x00000206888a5500, 0x00000206888a5fc8]
Event: 3.460 Thread 0x00000206ffc639a0  772       3       java.lang.ref.PhantomReference::<init> (7 bytes)
Event: 3.461 Thread 0x00000206ffc639a0 nmethod 772 0x00000206888a6008 code [0x00000206888a6100, 0x00000206888a63d8]
Event: 3.461 Thread 0x00000206ffc639a0  773  s    3       jdk.internal.ref.CleanerImpl$CleanableList::insert (126 bytes)
Event: 3.461 Thread 0x00000206ffc639a0 nmethod 773 0x00000206888a6408 code [0x00000206888a6500, 0x00000206888a6d18]
Event: 3.461 Thread 0x00000206ffc639a0  774       3       jdk.internal.ref.CleanerFactory::cleaner (4 bytes)
Event: 3.461 Thread 0x00000206ffc639a0 nmethod 774 0x00000206888a6d88 code [0x00000206888a6e80, 0x00000206888a6f70]
Event: 3.461 Thread 0x00000206ffc639a0  775       3       java.io.FileInputStream::read (28 bytes)
Event: 3.461 Thread 0x00000206ffc639a0 nmethod 775 0x00000206888a7088 code [0x00000206888a7180, 0x00000206888a73d8]
Event: 3.465 Thread 0x00000206ffc639a0  776       1       java.nio.charset.CharsetEncoder::maxBytesPerChar (5 bytes)
Event: 3.465 Thread 0x00000206ffc639a0 nmethod 776 0x00000206902b9f88 code [0x00000206902ba080, 0x00000206902ba148]
Event: 3.468 Thread 0x00000206ffc639a0  777       3       java.lang.StackWalker::hasOption (11 bytes)
Event: 3.468 Thread 0x00000206ffc639a0 nmethod 777 0x00000206888a7408 code [0x00000206888a7500, 0x00000206888a76d8]
Event: 3.469 Thread 0x00000206ffc639a0  778       3       java.io.WinNTFileSystem::isLetter (30 bytes)
Event: 3.469 Thread 0x00000206ffc639a0 nmethod 778 0x00000206888a7708 code [0x00000206888a7800, 0x00000206888a79e0]
Event: 3.473 Thread 0x00000206ffc61180  779       4       java.lang.String::startsWith (123 bytes)
Event: 3.475 Thread 0x00000206ffc639a0  780       3       java.io.WinNTFileSystem::stripLongOrUNCPrefix (67 bytes)
Event: 3.475 Thread 0x00000206ffc639a0 nmethod 780 0x00000206888a7a08 code [0x00000206888a7b00, 0x00000206888a8ce8]
Event: 3.483 Thread 0x00000206ffc639a0  781       1       sun.nio.cs.SingleByte$Encoder::isASCIICompatible (5 bytes)
Event: 3.483 Thread 0x00000206ffc639a0 nmethod 781 0x00000206902ba288 code [0x00000206902ba380, 0x00000206902ba448]

GC Heap Usage History (0 events):
No events

Metaspace Usage History (0 events):
No events

Dll operation events (20 events):
Event: 2.402 Loaded shared library C:\Users\markr\.openjfx\cache\20.0.2+3\amd64\api-ms-win-core-rtlsupport-l1-1-0.dll
Event: 2.405 Loaded shared library C:\Users\markr\.openjfx\cache\20.0.2+3\amd64\api-ms-win-core-string-l1-1-0.dll
Event: 2.409 Loaded shared library C:\Users\markr\.openjfx\cache\20.0.2+3\amd64\api-ms-win-core-synch-l1-1-0.dll
Event: 2.412 Loaded shared library C:\Users\markr\.openjfx\cache\20.0.2+3\amd64\api-ms-win-core-synch-l1-2-0.dll
Event: 2.416 Loaded shared library C:\Users\markr\.openjfx\cache\20.0.2+3\amd64\api-ms-win-core-sysinfo-l1-1-0.dll
Event: 2.420 Loaded shared library C:\Users\markr\.openjfx\cache\20.0.2+3\amd64\api-ms-win-core-timezone-l1-1-0.dll
Event: 2.424 Loaded shared library C:\Users\markr\.openjfx\cache\20.0.2+3\amd64\api-ms-win-core-util-l1-1-0.dll
Event: 2.427 Loaded shared library C:\Users\markr\.openjfx\cache\20.0.2+3\amd64\api-ms-win-crt-conio-l1-1-0.dll
Event: 2.431 Loaded shared library C:\Users\markr\.openjfx\cache\20.0.2+3\amd64\api-ms-win-crt-convert-l1-1-0.dll
Event: 2.434 Loaded shared library C:\Users\markr\.openjfx\cache\20.0.2+3\amd64\api-ms-win-crt-environment-l1-1-0.dll
Event: 2.438 Loaded shared library C:\Users\markr\.openjfx\cache\20.0.2+3\amd64\api-ms-win-crt-filesystem-l1-1-0.dll
Event: 2.441 Loaded shared library C:\Users\markr\.openjfx\cache\20.0.2+3\amd64\api-ms-win-crt-heap-l1-1-0.dll
Event: 3.448 Loaded shared library C:\Users\markr\.openjfx\cache\20.0.2+3\amd64\api-ms-win-crt-locale-l1-1-0.dll
Event: 3.453 Loaded shared library C:\Users\markr\.openjfx\cache\20.0.2+3\amd64\api-ms-win-crt-math-l1-1-0.dll
Event: 3.458 Loaded shared library C:\Users\markr\.openjfx\cache\20.0.2+3\amd64\api-ms-win-crt-multibyte-l1-1-0.dll
Event: 3.464 Loaded shared library C:\Users\markr\.openjfx\cache\20.0.2+3\amd64\api-ms-win-crt-private-l1-1-0.dll
Event: 3.468 Loaded shared library C:\Users\markr\.openjfx\cache\20.0.2+3\amd64\api-ms-win-crt-process-l1-1-0.dll
Event: 3.472 Loaded shared library C:\Users\markr\.openjfx\cache\20.0.2+3\amd64\api-ms-win-crt-runtime-l1-1-0.dll
Event: 3.476 Loaded shared library C:\Users\markr\.openjfx\cache\20.0.2+3\amd64\api-ms-win-crt-stdio-l1-1-0.dll
Event: 3.481 Loaded shared library C:\Users\markr\.openjfx\cache\20.0.2+3\amd64\api-ms-win-crt-string-l1-1-0.dll

Deoptimization events (20 events):
Event: 1.193 Thread 0x00000206fb8a4050 DEOPT PACKING pc=0x0000020688832578 sp=0x000000c0c8efc400
Event: 1.193 Thread 0x00000206fb8a4050 DEOPT UNPACKING pc=0x000002068fd41702 sp=0x000000c0c8efb870 mode 0
Event: 1.193 Thread 0x00000206fb8a4050 DEOPT PACKING pc=0x0000020688832578 sp=0x000000c0c8efc400
Event: 1.193 Thread 0x00000206fb8a4050 DEOPT UNPACKING pc=0x000002068fd41702 sp=0x000000c0c8efb870 mode 0
Event: 1.193 Thread 0x00000206fb8a4050 DEOPT PACKING pc=0x0000020688832578 sp=0x000000c0c8efc400
Event: 1.193 Thread 0x00000206fb8a4050 DEOPT UNPACKING pc=0x000002068fd41702 sp=0x000000c0c8efb870 mode 0
Event: 1.193 Thread 0x00000206fb8a4050 DEOPT PACKING pc=0x0000020688832578 sp=0x000000c0c8efc400
Event: 1.193 Thread 0x00000206fb8a4050 DEOPT UNPACKING pc=0x000002068fd41702 sp=0x000000c0c8efb870 mode 0
Event: 1.204 Thread 0x00000206fb8a4050 Uncommon trap: trap_request=0xffffff45 fr.pc=0x000002069029f090 relative=0x0000000000000d10
Event: 1.204 Thread 0x00000206fb8a4050 Uncommon trap: reason=unstable_if action=reinterpret pc=0x000002069029f090 method=java.util.HashMap.putVal(ILjava/lang/Object;Ljava/lang/Object;ZZ)Ljava/lang/Object; @ 81 c2
Event: 1.204 Thread 0x00000206fb8a4050 DEOPT PACKING pc=0x000002069029f090 sp=0x000000c0c8efeb40
Event: 1.204 Thread 0x00000206fb8a4050 DEOPT UNPACKING pc=0x000002068fe0e902 sp=0x000000c0c8efea58 mode 2
Event: 1.266 Thread 0x00000206fb8a4050 Uncommon trap: trap_request=0xffffff45 fr.pc=0x0000020690294154 relative=0x0000000000000954
Event: 1.266 Thread 0x00000206fb8a4050 Uncommon trap: reason=unstable_if action=reinterpret pc=0x0000020690294154 method=java.lang.String.isEmpty()Z @ 5 c2
Event: 1.267 Thread 0x00000206fb8a4050 DEOPT PACKING pc=0x0000020690294154 sp=0x000000c0c8efe6e0
Event: 1.267 Thread 0x00000206fb8a4050 DEOPT UNPACKING pc=0x000002068fe0e902 sp=0x000000c0c8efe620 mode 2
Event: 1.290 Thread 0x00000206fb8a4050 Uncommon trap: trap_request=0xffffffde fr.pc=0x00000206902a3944 relative=0x00000000000006a4
Event: 1.290 Thread 0x00000206fb8a4050 Uncommon trap: reason=class_check action=maybe_recompile pc=0x00000206902a3944 method=java.util.HashMap.resize()[Ljava/util/HashMap$Node; @ 200 c2
Event: 1.290 Thread 0x00000206fb8a4050 DEOPT PACKING pc=0x00000206902a3944 sp=0x000000c0c8efe1e0
Event: 1.290 Thread 0x00000206fb8a4050 DEOPT UNPACKING pc=0x000002068fe0e902 sp=0x000000c0c8efe130 mode 2

Classes loaded (20 events):
Event: 1.293 Loading class jdk/internal/event/SecurityProviderServiceEvent
Event: 1.293 Loading class jdk/internal/event/Event
Event: 1.294 Loading class jdk/internal/event/Event done
Event: 1.294 Loading class jdk/internal/event/SecurityProviderServiceEvent done
Event: 1.294 Loading class sun/security/provider/MD5
Event: 1.294 Loading class sun/security/provider/DigestBase
Event: 1.294 Loading class sun/security/provider/DigestBase done
Event: 1.294 Loading class sun/security/provider/MD5 done
Event: 1.295 Loading class sun/security/jca/GetInstance$Instance
Event: 1.295 Loading class sun/security/jca/GetInstance$Instance done
Event: 1.295 Loading class java/security/MessageDigest$Delegate
Event: 1.295 Loading class sun/security/util/MessageDigestSpi2
Event: 1.295 Loading class sun/security/util/MessageDigestSpi2 done
Event: 1.295 Loading class java/security/MessageDigest$Delegate done
Event: 1.295 Loading class java/security/MessageDigest$Delegate$CloneableDelegate
Event: 1.296 Loading class java/security/MessageDigest$Delegate$CloneableDelegate done
Event: 1.296 Loading class sun/security/provider/ByteArrayAccess$LE
Event: 1.296 Loading class sun/security/provider/ByteArrayAccess$LE done
Event: 1.299 Loading class sun/security/provider/ByteArrayAccess
Event: 1.300 Loading class sun/security/provider/ByteArrayAccess done

Classes unloaded (0 events):
No events

Classes redefined (0 events):
No events

Internal exceptions (20 events):
Event: 2.403 Thread 0x00000206fb8a4050 Exception <a 'java/io/IOException'{0x000000071980cd68}> (0x000000071980cd68) 
thrown [s\open\src\hotspot\share\prims\jni.cpp, line 516]
Event: 2.406 Thread 0x00000206fb8a4050 Exception <a 'java/io/IOException'{0x00000007198158d8}> (0x00000007198158d8) 
thrown [s\open\src\hotspot\share\prims\jni.cpp, line 516]
Event: 2.410 Thread 0x00000206fb8a4050 Exception <a 'java/io/IOException'{0x000000071981e6d0}> (0x000000071981e6d0) 
thrown [s\open\src\hotspot\share\prims\jni.cpp, line 516]
Event: 2.413 Thread 0x00000206fb8a4050 Exception <a 'java/io/IOException'{0x0000000719827230}> (0x0000000719827230) 
thrown [s\open\src\hotspot\share\prims\jni.cpp, line 516]
Event: 2.417 Thread 0x00000206fb8a4050 Exception <a 'java/io/IOException'{0x000000071982ffd0}> (0x000000071982ffd0) 
thrown [s\open\src\hotspot\share\prims\jni.cpp, line 516]
Event: 2.421 Thread 0x00000206fb8a4050 Exception <a 'java/io/IOException'{0x0000000719838cb0}> (0x0000000719838cb0) 
thrown [s\open\src\hotspot\share\prims\jni.cpp, line 516]
Event: 2.424 Thread 0x00000206fb8a4050 Exception <a 'java/io/IOException'{0x0000000719841578}> (0x0000000719841578) 
thrown [s\open\src\hotspot\share\prims\jni.cpp, line 516]
Event: 2.428 Thread 0x00000206fb8a4050 Exception <a 'java/io/IOException'{0x000000071984a138}> (0x000000071984a138) 
thrown [s\open\src\hotspot\share\prims\jni.cpp, line 516]
Event: 2.431 Thread 0x00000206fb8a4050 Exception <a 'java/io/IOException'{0x0000000719853610}> (0x0000000719853610) 
thrown [s\open\src\hotspot\share\prims\jni.cpp, line 516]
Event: 2.435 Thread 0x00000206fb8a4050 Exception <a 'java/io/IOException'{0x000000071985c128}> (0x000000071985c128) 
thrown [s\open\src\hotspot\share\prims\jni.cpp, line 516]
Event: 2.438 Thread 0x00000206fb8a4050 Exception <a 'java/io/IOException'{0x0000000719865100}> (0x0000000719865100) 
thrown [s\open\src\hotspot\share\prims\jni.cpp, line 516]
Event: 3.444 Thread 0x00000206fb8a4050 Exception <a 'java/io/IOException'{0x000000071986dc48}> (0x000000071986dc48) 
thrown [s\open\src\hotspot\share\prims\jni.cpp, line 516]
Event: 3.449 Thread 0x00000206fb8a4050 Exception <a 'java/io/IOException'{0x00000007198767b0}> (0x00000007198767b0) 
thrown [s\open\src\hotspot\share\prims\jni.cpp, line 516]
Event: 3.454 Thread 0x00000206fb8a4050 Exception <a 'java/io/IOException'{0x0000000719880ae8}> (0x0000000719880ae8) 
thrown [s\open\src\hotspot\share\prims\jni.cpp, line 516]
Event: 3.459 Thread 0x00000206fb8a4050 Exception <a 'java/io/IOException'{0x000000071988a860}> (0x000000071988a860) 
thrown [s\open\src\hotspot\share\prims\jni.cpp, line 516]
Event: 3.465 Thread 0x00000206fb8a4050 Exception <a 'java/io/IOException'{0x000000071989a5e8}> (0x000000071989a5e8) 
thrown [s\open\src\hotspot\share\prims\jni.cpp, line 516]
Event: 3.469 Thread 0x00000206fb8a4050 Exception <a 'java/io/IOException'{0x00000007198a32d0}> (0x00000007198a32d0) 
thrown [s\open\src\hotspot\share\prims\jni.cpp, line 516]
Event: 3.473 Thread 0x00000206fb8a4050 Exception <a 'java/io/IOException'{0x00000007198ac8a0}> (0x00000007198ac8a0) 
thrown [s\open\src\hotspot\share\prims\jni.cpp, line 516]
Event: 3.477 Thread 0x00000206fb8a4050 Exception <a 'java/io/IOException'{0x00000007198b61c8}> (0x00000007198b61c8) 
thrown [s\open\src\hotspot\share\prims\jni.cpp, line 516]
Event: 3.482 Thread 0x00000206fb8a4050 Exception <a 'java/io/IOException'{0x00000007198bfc90}> (0x00000007198bfc90) 
thrown [s\open\src\hotspot\share\prims\jni.cpp, line 516]

VM Operations (6 events):
Event: 1.123 Executing non-safepoint VM operation: HandshakeAllThreads (Deoptimize)
Event: 1.123 Executing non-safepoint VM operation: HandshakeAllThreads (Deoptimize) done
Event: 1.129 Executing non-safepoint VM operation: HandshakeAllThreads (Deoptimize)
Event: 1.129 Executing non-safepoint VM operation: HandshakeAllThreads (Deoptimize) done
Event: 1.170 Executing non-safepoint VM operation: HandshakeAllThreads (Deoptimize)
Event: 1.170 Executing non-safepoint VM operation: HandshakeAllThreads (Deoptimize) done

Memory protections (0 events):
No events

Nmethod flushes (0 events):
No events

Events (15 events):
Event: 1.050 Thread 0x00000206fb8a4050 Thread added: 0x00000206fb8a4050
Event: 1.062 Thread 0x00000206fb8a4050 Thread added: 0x00000206ffc30920
Event: 1.063 Thread 0x00000206fb8a4050 Thread added: 0x00000206ffc31380
Event: 1.063 Thread 0x00000206fb8a4050 Thread added: 0x00000206ffc33320
Event: 1.063 Thread 0x00000206fb8a4050 Thread added: 0x00000206ffc36a80
Event: 1.063 Thread 0x00000206fb8a4050 Thread added: 0x00000206ffc39bf0
Event: 1.064 Thread 0x00000206fb8a4050 Thread added: 0x00000206ffc5c670
Event: 1.064 Thread 0x00000206fb8a4050 Thread added: 0x00000206ffc61180
Event: 1.064 Thread 0x00000206fb8a4050 Thread added: 0x00000206ffc639a0
Event: 1.093 Thread 0x00000206fb8a4050 Thread added: 0x000002069d5b49e0
Event: 1.136 Thread 0x00000206ffc639a0 Thread added: 0x000002069d659860
Event: 1.140 Thread 0x00000206ffc639a0 Thread added: 0x000002069d674c40
Event: 1.185 Thread 0x00000206fb8a4050 Thread added: 0x00000206a2127cd0
Event: 2.435 Thread 0x000002069d674c40 Thread exited: 0x000002069d674c40
Event: 3.445 Thread 0x000002069d659860 Thread exited: 0x000002069d659860


Dynamic libraries:
0x00007ff6b3850000 - 0x00007ff6b3860000 	C:\Program Files\Java\jdk-25\bin\java.exe
0x00007ffa697e0000 - 0x00007ffa69a47000 	C:\WINDOWS\SYSTEM32\ntdll.dll
0x00007ffa68cd0000 - 0x00007ffa68d99000 	C:\WINDOWS\System32\KERNEL32.DLL
0x00007ffa66fe0000 - 0x00007ffa673d7000 	C:\WINDOWS\System32\KERNELBASE.dll
0x00007ffa66cb0000 - 0x00007ffa66dfb000 	C:\WINDOWS\System32\ucrtbase.dll
0x00007ffa51d40000 - 0x00007ffa51d57000 	C:\Program Files\Java\jdk-25\bin\jli.dll
0x00007ffa51920000 - 0x00007ffa5193e000 	C:\Program Files\Java\jdk-25\bin\VCRUNTIME140.dll
0x00007ffa68980000 - 0x00007ffa68b46000 	C:\WINDOWS\System32\USER32.dll
0x00007ffa54cd0000 - 0x00007ffa54f62000 	C:\WINDOWS\WinSxS\amd64_microsoft.windows.common-controls_6595b64144ccf1df_6.0.26100.8457_none_3e0b2faee331e92d\COMCTL32.dll
0x00007ffa68ec0000 - 0x00007ffa68f69000 	C:\WINDOWS\System32\msvcrt.dll
0x00007ffa67470000 - 0x00007ffa67497000 	C:\WINDOWS\System32\win32u.dll
0x00007ffa69120000 - 0x00007ffa6914b000 	C:\WINDOWS\System32\GDI32.dll
0x00007ffa66eb0000 - 0x00007ffa66fdc000 	C:\WINDOWS\System32\gdi32full.dll
0x00007ffa66e00000 - 0x00007ffa66ea3000 	C:\WINDOWS\System32\msvcp_win.dll
0x00007ffa68e80000 - 0x00007ffa68eb2000 	C:\WINDOWS\System32\IMM32.DLL
0x00007ffa608f0000 - 0x00007ffa608fc000 	C:\Program Files\Java\jdk-25\bin\vcruntime140_1.dll
0x00007ffa22750000 - 0x00007ffa227dd000 	C:\Program Files\Java\jdk-25\bin\msvcp140.dll
0x00007ff987630000 - 0x00007ff98848f000 	C:\Program Files\Java\jdk-25\bin\server\jvm.dll
0x00007ffa67bd0000 - 0x00007ffa67c86000 	C:\WINDOWS\System32\ADVAPI32.dll
0x00007ffa686b0000 - 0x00007ffa68757000 	C:\WINDOWS\System32\sechost.dll
0x00007ffa68f70000 - 0x00007ffa69088000 	C:\WINDOWS\System32\RPCRT4.dll
0x00007ffa68760000 - 0x00007ffa687e0000 	C:\WINDOWS\System32\WS2_32.dll
0x00007ffa64dd0000 - 0x00007ffa64e2e000 	C:\WINDOWS\SYSTEM32\POWRPROF.dll
0x00007ffa5e070000 - 0x00007ffa5e07b000 	C:\WINDOWS\SYSTEM32\VERSION.dll
0x00007ffa5ce90000 - 0x00007ffa5cec6000 	C:\WINDOWS\SYSTEM32\WINMM.dll
0x00007ffa64db0000 - 0x00007ffa64dc4000 	C:\WINDOWS\SYSTEM32\UMPDC.dll
0x00007ffa65080000 - 0x00007ffa6509b000 	C:\WINDOWS\SYSTEM32\kernel.appcore.dll
0x00007ffa4c2a0000 - 0x00007ffa4c2aa000 	C:\Program Files\Java\jdk-25\bin\jimage.dll
0x00007ffa5d180000 - 0x00007ffa5d3c2000 	C:\WINDOWS\SYSTEM32\DBGHELP.DLL
0x00007ffa69340000 - 0x00007ffa696c3000 	C:\WINDOWS\System32\combase.dll
0x00007ffa68da0000 - 0x00007ffa68e79000 	C:\WINDOWS\System32\OLEAUT32.dll
0x00007ffa36150000 - 0x00007ffa3618b000 	C:\WINDOWS\SYSTEM32\dbgcore.DLL
0x00007ffa66210000 - 0x00007ffa662b8000 	C:\WINDOWS\System32\bcryptPrimitives.dll
0x00007ffa2aff0000 - 0x00007ffa2b00f000 	C:\Program Files\Java\jdk-25\bin\java.dll
0x00007ffa67c90000 - 0x00007ffa67e27000 	C:\WINDOWS\System32\ole32.dll
0x00007ffa67e30000 - 0x00007ffa6859e000 	C:\WINDOWS\System32\SHELL32.dll
0x00007ffa66440000 - 0x00007ffa66cac000 	C:\WINDOWS\System32\windows.storage.dll
0x00007ffa685b0000 - 0x00007ffa686a6000 	C:\WINDOWS\System32\SHCORE.dll
0x00007ffa69160000 - 0x00007ffa691c6000 	C:\WINDOWS\System32\shlwapi.dll
0x00007ffa66130000 - 0x00007ffa66159000 	C:\WINDOWS\SYSTEM32\profapi.dll
0x00007ffa28180000 - 0x00007ffa28192000 	C:\Program Files\Java\jdk-25\bin\net.dll
0x00007ffa655d0000 - 0x00007ffa6563c000 	C:\WINDOWS\system32\mswsock.dll
0x00007ffa25430000 - 0x00007ffa25446000 	C:\Program Files\Java\jdk-25\bin\nio.dll
0x00007ffa24530000 - 0x00007ffa24547000 	C:\Program Files\Java\jdk-25\bin\zip.dll
0x000002069da80000 - 0x000002069da83000 	C:\Users\markr\.openjfx\cache\20.0.2+3\amd64\api-ms-win-core-console-l1-1-0.dll
0x000002069da90000 - 0x000002069da93000 	C:\Users\markr\.openjfx\cache\20.0.2+3\amd64\api-ms-win-core-console-l1-2-0.dll
0x000002069daa0000 - 0x000002069daa3000 	C:\Users\markr\.openjfx\cache\20.0.2+3\amd64\api-ms-win-core-datetime-l1-1-0.dll
0x000002069dab0000 - 0x000002069dab3000 	C:\Users\markr\.openjfx\cache\20.0.2+3\amd64\api-ms-win-core-debug-l1-1-0.dll
0x000002069dac0000 - 0x000002069dac3000 	C:\Users\markr\.openjfx\cache\20.0.2+3\amd64\api-ms-win-core-errorhandling-l1-1-0.dll
0x000002069dad0000 - 0x000002069dad4000 	C:\Users\markr\.openjfx\cache\20.0.2+3\amd64\api-ms-win-core-file-l1-1-0.dll
0x000002069dae0000 - 0x000002069dae3000 	C:\Users\markr\.openjfx\cache\20.0.2+3\amd64\api-ms-win-core-file-l1-2-0.dll
0x000002069daf0000 - 0x000002069daf3000 	C:\Users\markr\.openjfx\cache\20.0.2+3\amd64\api-ms-win-core-file-l2-1-0.dll
0x000002069db00000 - 0x000002069db03000 	C:\Users\markr\.openjfx\cache\20.0.2+3\amd64\api-ms-win-core-handle-l1-1-0.dll
0x000002069db10000 - 0x000002069db13000 	C:\Users\markr\.openjfx\cache\20.0.2+3\amd64\api-ms-win-core-heap-l1-1-0.dll
0x000002069db20000 - 0x000002069db23000 	C:\Users\markr\.openjfx\cache\20.0.2+3\amd64\api-ms-win-core-interlocked-l1-1-0.dll
0x000002069db30000 - 0x000002069db33000 	C:\Users\markr\.openjfx\cache\20.0.2+3\amd64\api-ms-win-core-libraryloader-l1-1-0.dll
0x000002069db40000 - 0x000002069db43000 	C:\Users\markr\.openjfx\cache\20.0.2+3\amd64\api-ms-win-core-localization-l1-2-0.dll
0x000002069db50000 - 0x000002069db53000 	C:\Users\markr\.openjfx\cache\20.0.2+3\amd64\api-ms-win-core-memory-l1-1-0.dll
0x000002069db60000 - 0x000002069db63000 	C:\Users\markr\.openjfx\cache\20.0.2+3\amd64\api-ms-win-core-namedpipe-l1-1-0.dll
0x000002069db70000 - 0x000002069db73000 	C:\Users\markr\.openjfx\cache\20.0.2+3\amd64\api-ms-win-core-processenvironment-l1-1-0.dll
0x000002069db80000 - 0x000002069db83000 	C:\Users\markr\.openjfx\cache\20.0.2+3\amd64\api-ms-win-core-processthreads-l1-1-0.dll
0x000002069db90000 - 0x000002069db93000 	C:\Users\markr\.openjfx\cache\20.0.2+3\amd64\api-ms-win-core-processthreads-l1-1-1.dll
0x000002069dba0000 - 0x000002069dba3000 	C:\Users\markr\.openjfx\cache\20.0.2+3\amd64\api-ms-win-core-profile-l1-1-0.dll
0x000002069dbb0000 - 0x000002069dbb3000 	C:\Users\markr\.openjfx\cache\20.0.2+3\amd64\api-ms-win-core-rtlsupport-l1-1-0.dll
0x000002069dbc0000 - 0x000002069dbc3000 	C:\Users\markr\.openjfx\cache\20.0.2+3\amd64\api-ms-win-core-string-l1-1-0.dll
0x000002069dbd0000 - 0x000002069dbd3000 	C:\Users\markr\.openjfx\cache\20.0.2+3\amd64\api-ms-win-core-synch-l1-1-0.dll
0x000002069dbe0000 - 0x000002069dbe3000 	C:\Users\markr\.openjfx\cache\20.0.2+3\amd64\api-ms-win-core-synch-l1-2-0.dll
0x000002069dbf0000 - 0x000002069dbf3000 	C:\Users\markr\.openjfx\cache\20.0.2+3\amd64\api-ms-win-core-sysinfo-l1-1-0.dll
0x000002069dc00000 - 0x000002069dc03000 	C:\Users\markr\.openjfx\cache\20.0.2+3\amd64\api-ms-win-core-timezone-l1-1-0.dll
0x000002069dc10000 - 0x000002069dc13000 	C:\Users\markr\.openjfx\cache\20.0.2+3\amd64\api-ms-win-core-util-l1-1-0.dll
0x000002069dc20000 - 0x000002069dc23000 	C:\Users\markr\.openjfx\cache\20.0.2+3\amd64\api-ms-win-crt-conio-l1-1-0.dll
0x000002069dc30000 - 0x000002069dc34000 	C:\Users\markr\.openjfx\cache\20.0.2+3\amd64\api-ms-win-crt-convert-l1-1-0.dll
0x000002069dc40000 - 0x000002069dc43000 	C:\Users\markr\.openjfx\cache\20.0.2+3\amd64\api-ms-win-crt-environment-l1-1-0.dll
0x000002069dc50000 - 0x000002069dc53000 	C:\Users\markr\.openjfx\cache\20.0.2+3\amd64\api-ms-win-crt-filesystem-l1-1-0.dll
0x000002069dc60000 - 0x000002069dc63000 	C:\Users\markr\.openjfx\cache\20.0.2+3\amd64\api-ms-win-crt-heap-l1-1-0.dll
0x000002069dc70000 - 0x000002069dc73000 	C:\Users\markr\.openjfx\cache\20.0.2+3\amd64\api-ms-win-crt-locale-l1-1-0.dll
0x000002069dc80000 - 0x000002069dc85000 	C:\Users\markr\.openjfx\cache\20.0.2+3\amd64\api-ms-win-crt-math-l1-1-0.dll
0x000002069dc90000 - 0x000002069dc95000 	C:\Users\markr\.openjfx\cache\20.0.2+3\amd64\api-ms-win-crt-multibyte-l1-1-0.dll
0x000002069dca0000 - 0x000002069dcb0000 	C:\Users\markr\.openjfx\cache\20.0.2+3\amd64\api-ms-win-crt-private-l1-1-0.dll
0x000002069dcb0000 - 0x000002069dcb3000 	C:\Users\markr\.openjfx\cache\20.0.2+3\amd64\api-ms-win-crt-process-l1-1-0.dll
0x000002069dcc0000 - 0x000002069dcc4000 	C:\Users\markr\.openjfx\cache\20.0.2+3\amd64\api-ms-win-crt-runtime-l1-1-0.dll
0x000002069dcd0000 - 0x000002069dcd4000 	C:\Users\markr\.openjfx\cache\20.0.2+3\amd64\api-ms-win-crt-stdio-l1-1-0.dll
0x000002069dce0000 - 0x000002069dce4000 	C:\Users\markr\.openjfx\cache\20.0.2+3\amd64\api-ms-win-crt-string-l1-1-0.dll
0x000002069dcf0000 - 0x000002069dcf3000 	C:\Users\markr\.openjfx\cache\20.0.2+3\amd64\api-ms-win-crt-time-l1-1-0.dll
0x000002069dd00000 - 0x000002069dd03000 	C:\Users\markr\.openjfx\cache\20.0.2+3\amd64\api-ms-win-crt-utility-l1-1-0.dll
0x00007ff9ec5d0000 - 0x00007ff9ec6cc000 	C:\Users\markr\.openjfx\cache\20.0.2+3\amd64\ucrtbase.dll
0x00007ffa4ded0000 - 0x00007ffa4deeb000 	C:\Users\markr\.openjfx\cache\20.0.2+3\amd64\vcruntime140.dll

JVMTI agents: none

dbghelp: loaded successfully - version: 4.0.5 - missing functions: none
symbol engine: initialized successfully - sym options: 0x614 - pdb path: .;C:\Program Files\Java\jdk-25\bin;C:\WINDOWS\SYSTEM32;C:\WINDOWS\WinSxS\amd64_microsoft.windows.common-controls_6595b64144ccf1df_6.0.26100.8457_none_3e0b2faee331e92d;C:\Program Files\Java\jdk-25\bin\server;C:\Users\markr\.openjfx\cache\20.0.2+3\amd64

VM Arguments:
jvm_args: --module-path=C:\Users\markr\.m2\repository\org\openjfx\javafx-base\20.0.2\javafx-base-20.0.2-win.jar;C:\Users\markr\.m2\repository\org\openjfx\javafx-base\20.0.2\javafx-base-20.0.2.jar;C:\Users\markr\.m2\repository\org\openjfx\javafx-controls\20.0.2\javafx-controls-20.0.2-win.jar;C:\Users\markr\.m2\repository\org\openjfx\javafx-controls\20.0.2\javafx-controls-20.0.2.jar;C:\Users\markr\.m2\repository\org\openjfx\javafx-fxml\20.0.2\javafx-fxml-20.0.2-win.jar;C:\Users\markr\.m2\repository\org\openjfx\javafx-fxml\20.0.2\javafx-fxml-20.0.2.jar;C:\Users\markr\.m2\repository\org\openjfx\javafx-graphics\20.0.2\javafx-graphics-20.0.2-win.jar;C:\Users\markr\.m2\repository\org\openjfx\javafx-graphics\20.0.2\javafx-graphics-20.0.2.jar --add-modules=javafx.base,javafx.controls,javafx.fxml,javafx.graphics 
java_command: org.example.Main
java_class_path (initial): E:\диплом\app\armSimulator\target\classes
Launcher Type: SUN_STANDARD

[Global flags]
     intx CICompilerCount                          = 4                                         {product} {ergonomic}
     uint ConcGCThreads                            = 3                                         {product} {ergonomic}
     uint G1ConcRefinementThreads                  = 10                                        {product} {ergonomic}
   size_t G1HeapRegionSize                         = 2097152                                   {product} {ergonomic}
   size_t InitialHeapSize                          = 257949696                                 {product} {ergonomic}
   size_t MarkStackSize                            = 4194304                                   {product} {ergonomic}
   size_t MarkStackSizeMax                         = 536870912                                 {product} {ergonomic}
   size_t MaxHeapSize                              = 4110417920                                {product} {ergonomic}
   size_t MaxNewSize                               = 2466250752                                {product} {ergonomic}
   size_t MinHeapDeltaBytes                        = 2097152                                   {product} {ergonomic}
   size_t MinHeapSize                              = 8388608                                   {product} {ergonomic}
    uintx NonNMethodCodeHeapSize                   = 5832704                                {pd product} {ergonomic}
    uintx NonProfiledCodeHeapSize                  = 122945536                              {pd product} {ergonomic}
    uintx ProfiledCodeHeapSize                     = 122880000                              {pd product} {ergonomic}
    uintx ReservedCodeCacheSize                    = 251658240                              {pd product} {ergonomic}
     bool SegmentedCodeCache                       = true                                      {product} {ergonomic}
   size_t SoftMaxHeapSize                          = 4110417920                             {manageable} {ergonomic}
     bool UseCompressedOops                        = true                           {product lp64_product} {ergonomic}
     bool UseG1GC                                  = true                                      {product} {ergonomic}
     bool UseLargePagesIndividualAllocation        = false                                  {pd product} {ergonomic}

Logging:
Log output configuration:
 #0: stdout all=warning uptime,level,tags foldmultilines=false
 #1: stderr all=off uptime,level,tags foldmultilines=false

Release file:
IMPLEMENTOR="Oracle Corporation" 
JAVA_RUNTIME_VERSION="25+37-LTS-3491" 
JAVA_VERSION="25" 
JAVA_VERSION_DATE="2025-09-16" 
LIBC="default" 
MODULES="java.base java.compiler java.datatransfer java.xml java.prefs java.desktop java.instrument java.logging java.management java.security.sasl java.naming java.rmi java.management.rmi java.net.http java.scripting java.security.jgss java.transaction.xa java.sql java.sql.rowset java.xml.crypto java.se java.smartcardio jdk.accessibility jdk.internal.jvmstat jdk.attach jdk.charsets jdk.internal.opt jdk.zipfs jdk.compiler jdk.crypto.cryptoki jdk.crypto.ec jdk.crypto.mscapi jdk.dynalink jdk.internal.ed jdk.editpad jdk.internal.vm.ci jdk.graal.compiler jdk.graal.compiler.management jdk.hotspot.agent jdk.httpserver jdk.incubator.vector jdk.internal.le jdk.internal.md jdk.jartool jdk.javadoc jdk.jcmd jdk.management jdk.management.agent jdk.jconsole jdk.jdeps jdk.jdwp.agent jdk.jdi jdk.jfr jdk.jlink jdk.jpackage jdk.jshell jdk.jsobject jdk.jstatd jdk.localedata jdk.management.jfr jdk.naming.dns jdk.naming.rmi jdk.net jdk.nio.mapmode jdk.sctp jdk.security.auth jdk.security.jgss jdk.unsupported jdk.unsupported.desktop jdk.xml.dom" 
OS_ARCH="x86_64" 
OS_NAME="Windows" 
SOURCE=".:git:49d6a23b8806 open:git:6c48f4ed707b" 

Environment Variables:
JAVA_HOME=C:\Program Files\Java\jdk-25
PATH=C:\Program Files\Common Files\Oracle\Java\javapath;C:\WINDOWS\system32;C:\WINDOWS;C:\WINDOWS\System32\Wbem;C:\WINDOWS\System32\WindowsPowerShell\v1.0\;C:\WINDOWS\System32\OpenSSH\;C:\Program Files\Git\cmd;C:\Users\markr\AppData\Local\Microsoft\WindowsApps;C:\Program Files\IntelliJ IDEA Community Edition 2025.2.2\bin;C:\Program Files\Apache\Maven\apache-maven-3.9.12\bin;
USERNAME=markr
OS=Windows_NT
PROCESSOR_IDENTIFIER=AMD64 Family 25 Model 68 Stepping 1, AuthenticAMD
TMP=C:\Users\markr\AppData\Local\Temp
TEMP=C:\Users\markr\AppData\Local\Temp




Compilation memory statistics disabled.

Periodic native trim disabled

---------------  S Y S T E M  ---------------

OS:
 Windows 11 , 64 bit Build 26100 (10.0.26100.8328)
OS uptime: 7 days 1:18 hours
Hyper-V role detected

CPU: total 12 (initial active 12) (12 cores per cpu, 2 threads per core) family 25 model 68 stepping 1 microcode 0xa40410a, cx8, cmov, fxsr, ht, mmx, 3dnowpref, sse, sse2, sse3, ssse3, sse4a, sse4.1, sse4.2, popcnt, lzcnt, tsc, tscinvbit, avx, avx2, aes, erms, clmul, bmi1, bmi2, adx, sha, fma, vzeroupper, clflush, clflushopt, clwb, hv, rdtscp, rdpid, fsrm, f16c, cet_ss
Processor Information for processor 0
  Max Mhz: 3301, Current Mhz: 3301, Mhz Limit: 3301
Processor Information for processor 1
  Max Mhz: 3301, Current Mhz: 2503, Mhz Limit: 3301
Processor Information for processor 2
  Max Mhz: 3301, Current Mhz: 2503, Mhz Limit: 3301
Processor Information for processor 3
  Max Mhz: 3301, Current Mhz: 2503, Mhz Limit: 3301
Processor Information for processor 4
  Max Mhz: 3301, Current Mhz: 2503, Mhz Limit: 3301
Processor Information for processor 5
  Max Mhz: 3301, Current Mhz: 2503, Mhz Limit: 3301
Processor Information for processor 6
  Max Mhz: 3301, Current Mhz: 3301, Mhz Limit: 3301
Processor Information for processor 7
  Max Mhz: 3301, Current Mhz: 3301, Mhz Limit: 3301
Processor Information for processor 8
  Max Mhz: 3301, Current Mhz: 2503, Mhz Limit: 3301
Processor Information for processor 9
  Max Mhz: 3301, Current Mhz: 2503, Mhz Limit: 3301
Processor Information for processor 10
  Max Mhz: 3301, Current Mhz: 2503, Mhz Limit: 3301
Processor Information for processor 11
  Max Mhz: 3301, Current Mhz: 2503, Mhz Limit: 3301

Memory: 4k page, system-wide physical 15676M (1121M free)
TotalPageFile size 28079M (AvailPageFile size 4M)
current process WorkingSet (physical memory assigned to process): 67M, peak: 67M
current process commit charge ("private bytes"): 349M, peak: 349M

vm_info: Java HotSpot(TM) 64-Bit Server VM (25+37-LTS-3491) for windows-amd64 JRE (25+37-LTS-3491), built on 2025-08-14T21:13:00Z with unknown MS VC++:1943

END.
